
Allocating common symbols
Common symbol       size              file

console2            0x10              ./io/dev/console.o
isr_handlers        0x400             isr.o
keyboard_output     0x10              ./io/dev/keyboard.o
console1            0x10              ./io/dev/console.o
console3            0x10              ./io/dev/console.o
idt_table           0x800             idt.o
physical_bitmapSize
                    0x10              ./mm/physical.o
idt_pointer         0x10              idt.o
physical_bitmap     0x10              ./mm/physical.o
console4            0x10              ./io/dev/console.o
segmentation_gdtp   0x10              ./mm/segmentation.o
mount0              0x10              ./fs/fat.o
paging_kernelPageDir
                    0x10              ./mm/paging.o
mm_kernelHeap       0x10              ./mm/mm.o
segmentation_gdt    0x20              ./mm/segmentation.o
scheduler_queue     0x400             ./pm/scheduler.o

Memory Configuration

Name             Origin             Length             Attributes
*default*        0x00000000         0xffffffff

Linker script and memory map

                0x00100000                phys = 0x100000
                0xc0001000                virt = 0xc0001000

.setup          0x00100000     0x1000 load address 0x00100000
                0x00100000                setup = .
 *(.setup)
 .setup         0x00100000       0x70 loader.o
                0x00100000                setup
                0x00101000                . = ALIGN (0x1000)
 *fill*         0x00100070      0xf90 00

.kernel         0xc0001000     0x6000 load address 0x00101000
                0xc0001000                kernel = .
 *(.kernel)
 .kernel        0xc0001000      0x215 loader.o
                0xc00010fd                isr20
                0xc000112f                isr25
                0xc00011cf                irq09
                0xc0001074                isr03
                0xc00010cb                isr15
                0xc00010a3                isr10
                0xc0001189                irq02
                0xc00010e9                isr18
                0xc000105f                isr00
                0xc000111b                isr23
                0xc000107b                isr04
                0xc000119d                irq04
                0xc000117f                irq01
                0xc0001107                isr21
                0xc0001201                irq14
                0xc00011b1                irq06
                0xc000109c                isr09
                0xc000114d                isr28
                0xc0001139                isr26
                0xc0001157                isr29
                0xc000116b                isr31
                0xc00010ab                isr11
                0xc00010d5                isr16
                0xc00010bb                isr13
                0xc0001125                isr24
                0xc0001193                irq03
                0xc0001000                start
                0xc00011e3                irq11
                0xc0001175                irq00
                0xc00011f7                irq13
                0xc0001089                isr06
                0xc0001097                isr08
                0xc00011c5                irq08
                0xc0001143                isr27
                0xc000106d                isr02
                0xc0001161                isr30
                0xc00010f3                isr19
                0xc00010c3                isr14
                0xc0001066                isr01
                0xc00010df                isr17
                0xc00011d9                irq10
                0xc0001082                isr05
                0xc000120b                irq15
                0xc00010b3                isr12
                0xc00011a7                irq05
                0xc0001111                isr22
                0xc00011ed                irq12
                0xc00011bb                irq07
                0xc0001090                isr07
 *(.text)
 *fill*         0xc0001215        0xb 00
 .text          0xc0001220      0x380 kernel.o
                0xc00014a4                kernel_main
                0xc00012e3                kernel_init
                0xc0001377                printdir
                0xc0001345                kernel_panic
                0xc0001275                task1
                0xc00012c0                kernel_lock
                0xc00012b6                outportb
                0xc0001231                kernel_shell
                0xc00012cd                kernel_unlock
                0xc00012ab                inportb
                0xc0001290                task2
 .text          0xc00015a0       0xc0 idt.o
                0xc00015df                idt_init
                0xc00015a0                idt_setEntry
 .text          0xc0001660       0xd0 irq.o
                0xc00016eb                irq_init
                0xc0001660                irq_remap
 .text          0xc0001730      0x1f0 isr.o
                0xc0001910                isr_setHandler
                0xc0001881                isr_dispatcher
 .text          0xc0001920       0x20 kprintf.o
                0xc0001920                kprintf
 .text          0xc0001940      0x170 ./mm/dma.o
                0xc0001a7a                dma_write
                0xc0001a51                dma_read
                0xc0001940                dma_transfer
 .text          0xc0001ab0      0x290 ./mm/mm.o
                0xc0001b57                mm_free
                0xc0001ab0                mm_init
                0xc0001be4                mm_malloc
                0xc0001ae8                mm_morecore
 .text          0xc0001d40      0x550 ./mm/paging.o
                0xc0001d5b                paging_clearDirectory
                0xc0001d4c                paging_getPageDirectoryEntry
                0xc0002019                paging_destroyDirectory
                0xc0001fd7                paging_createDirectory
                0xc00021c7                paging_init
                0xc0001d44                paging_setCurrentPageDir
                0xc0001e97                paging_setPageTableEntry
                0xc0001d95                paging_setPageDirectoryEntry
                0xc00020cd                paging_mapKernel
                0xc0001de8                paging_getPageTableEntry
                0xc0001d40                paging_getCurrentPageDir
                0xc0001fb7                paging_pageFaultHandler
 .text          0xc0002290      0x240 ./mm/physical.o
                0xc00022b2                physical_pageAllocAddress
                0xc0002394                physical_pageFree
                0xc00023dc                physical_init
                0xc0002306                physical_pageAlloc
                0xc0002290                physical_isPageFree
                0xc0002300                physical_getBitmapSize
 .text          0xc00024d0      0x160 ./mm/segmentation.o
                0xc0002533                segmentation_init
                0xc00024d0                segmentation_setEntry
 .text          0xc0002630      0x100 ./pm/elf.o
                0xc000264e                elf_load
 .text          0xc0002730      0x1f0 ./pm/process.o
                0xc000274b                process_spawn
                0xc00027dc                process_destroy
                0xc0002815                process_create
 .text          0xc0002920      0x130 ./pm/scheduler.o
                0xc0002a2c                scheduler_init
                0xc000292e                scheduler_removeProcesss
                0xc00029dc                scheduler_ltr
                0xc0002940                scheduler_switch
                0xc00029e2                getESP
                0xc00029e5                scheduler_enable
                0xc0002a1c                scheduler_disable
                0xc0002920                scheduler_addProcess
 .text          0xc0002a50      0x1b0 ./io/io.o
                0xc0002a7d                io_open
                0xc0002a50                io_add
                0xc0002ba1                io_control
                0xc0002a6d                io_remove
                0xc0002bce                io_init
                0xc0002b10                io_read
                0xc0002b6a                io_seek
                0xc0002adb                io_close
                0xc0002b3d                io_write
 .text          0xc0002c00       0x70 ./io/dev/bitbucket.o
                0xc0002c0b                bitbucket_write
                0xc0002c05                bitbucket_close
                0xc0002c1a                bitbucket_init
                0xc0002c00                bitbucket_open
 .text          0xc0002c70      0xcd0 ./io/dev/console.o
                0xc0003447                console_create
                0xc0003785                console_init
                0xc0003498                console_open
                0xc0003600                console_write
                0xc0002c70                console_setCursor
                0xc0003569                console_read
                0xc0002cdf                console_putChar
                0xc0003664                console_control
                0xc0003563                console_close
                0xc0002d1c                console_beep
                0xc0002dde                console_putch
                0xc0003394                console_activate
                0xc00031b6                console_cls
                0xc0002d3b                console_scrollup
                0xc0002d1d                console_getChar
 .text          0xc0003940     0x12f0 ./io/dev/floppy.o
                0xc0004a4d                floppy_read
                0xc0003a93                floppy_handler
                0xc0004ac8                floppy_write
                0xc00048c5                floppy_open
                0xc0003a5f                floppy_off
                0xc0003bec                floppy_recalibrate
                0xc00039a9                floppy_getbyte
                0xc0003f18                floppy_blockGeometry
                0xc0004a09                floppy_close
                0xc0003d41                floppy_seekcylinder
                0xc0004ace                floppy_seek
                0xc0003eb1                floppy_reset
                0xc0003940                floppy_sendbyte
                0xc0003a16                floppy_on
                0xc0003ff3                floppy_readBlock
                0xc0003aa0                floppy_wait
                0xc0004b04                floppy_init
 .text          0xc0004c30      0x1b0 ./io/dev/keyboard.o
                0xc0004c30                keyboard_open
                0xc0004c85                keyboard_handler
                0xc0004d4f                keyboard_init
                0xc0004c35                keyboard_close
                0xc0004c3b                keyboard_read
 .text          0xc0004de0      0x4e0 ./fs/dfs.o
                0xc0004de0                dfs_add
                0xc0004ed5                dfs_unmount
                0xc0004fb8                dfs_delete
                0xc0004edb                dfs_open
                0xc0004f76                dfs_seek
                0xc00051b7                dfs_list
                0xc0004f97                dfs_control
                0xc0004fb2                dfs_create
                0xc0004e61                dfs_remove
                0xc0004f5b                dfs_write
                0xc0004e2d                dfs_find
                0xc000501d                dfs_copy
                0xc0005248                dfs_init
                0xc0004f2d                dfs_close
                0xc0004f40                dfs_read
                0xc00050c3                dfs_rename
                0xc0004ec6                dfs_mount
 .text          0xc00052c0     0x1020 ./fs/fat.o
                0xc0006041                fat_rename
                0xc0005458                fat_loadCluster
                0xc00058db                fat_mount
                0xc0005b36                fat_unmount
                0xc0006047                fat_copy
                0xc000603b                fat_delete
                0xc000562e                fat_file2entry
                0xc0005400                fat_cluster2block
                0xc0005fe2                fat_seek
                0xc0005595                fat_getIndex
                0xc0005c88                fat_read
                0xc0006035                fat_create
                0xc0005b6f                fat_open
                0xc00052c0                fat_nextCluster
                0xc000604d                fat_list
                0xc000602f                fat_control
                0xc0005516                fat_compareName
                0xc0006260                fat_init
                0xc0005fdc                fat_write
                0xc0005345                fat_determineType
                0xc0005bca                fat_close
 .text          0xc00062e0      0x6e0 ./fs/vfs.o
                0xc00062e0                vfs_register
                0xc0006807                vfs_rename
                0xc000630f                vfs_find
                0xc0006798                vfs_delete
                0xc0006416                vfs_unmount
                0xc0006725                vfs_create
                0xc0006907                vfs_list
                0xc0006508                vfs_open
                0xc0006633                vfs_read
                0xc00066f9                vfs_control
                0xc000698f                vfs_init
                0xc00064c7                vfs_file2mountpoint
                0xc0006667                vfs_write
                0xc00066c3                vfs_seek
                0xc00065ff                vfs_close
                0xc000632e                vfs_mount
                0xc0006887                vfs_copy
                0xc0006309                vfs_unregister
 .text          0xc00069c0      0x420 ./lib/printf.o
                0xc0006d8b                get
                0xc00069c0                printf_putuint
                0xc0006ade                printf_puthex
                0xc0006a83                printf_putint
                0xc0006d72                print
                0xc0006b81                printf
 .text          0xc0006de0      0x1e0 ./lib/string.o
                0xc0006df6                strcmp
                0xc0006e7c                strncpy
                0xc0006f4a                memcpy
                0xc0006f24                memset
                0xc0006e65                strcpy
                0xc0006f6f                memcmp
                0xc0006e14                strncmp
                0xc0006de0                strlen
                0xc0006ebc                strstr
                0xc0007000                . = ALIGN (0x1000)
 *fill*         0xc0006fc0       0x40 00

.data           0xc0007000     0x1000 load address 0x00107000
                0xc0007000                data = .
 *(.data)
 .data          0xc0007000       0x80 idt.o
                0xc0007000                isr_stubs
 .data          0xc0007080       0x40 irq.o
                0xc0007080                irq_stubs
 .data          0xc00070c0       0x80 isr.o
                0xc00070c0                isr_messages
 .data          0xc0007140       0x30 ./mm/dma.o
                0xc0007168                dma_countport
                0xc0007140                dma_maskreg
                0xc0007158                dma_pageport
                0xc0007148                dma_modereg
                0xc0007160                dma_addressport
                0xc0007150                dma_clearreg
 .data          0xc0007170       0x60 ./io/dev/floppy.o
                0xc0007170                floppy_geometrys
 .data          0xc00071d0       0x80 ./io/dev/keyboard.o
                0xc00071d0                keymap
                0xc0008000                . = ALIGN (0x1000)
 *fill*         0xc0007250      0xdb0 00

.bss            0xc0008000     0x4000 load address 0x00108000
                0xc0008000                bss = .
 *(.bss)
 .bss           0xc0008000     0x1000 loader.o
 .bss           0xc0009000        0x8 kernel.o
                0xc0009004                kernel_lockCount
                0xc0009000                kernel_console
 .bss           0xc0009008        0x4 ./pm/process.o
                0xc0009008                process_total
 .bss           0xc000900c       0x14 ./pm/scheduler.o
                0xc000901c                scheduler_tss
                0xc0009014                scheduler_ticks
                0xc0009018                scheduler_currentProcess
                0xc0009010                current_cr3
                0xc000900c                current_esp
 .bss           0xc0009020        0x4 ./io/dev/console.o
                0xc0009020                console0
 .bss           0xc0009024       0x18 ./io/dev/floppy.o
                0xc0009024                floppy1
                0xc0009028                floppy2
 .bss           0xc000903c        0x8 ./fs/dfs.o
                0xc0009040                dfs_deviceBottom
                0xc000903c                dfs_deviceTop
 .bss           0xc0009044       0x10 ./fs/vfs.o
                0xc0009044                vfs_fsTop
                0xc0009050                vfs_mpBottom
                0xc000904c                vfs_mpTop
                0xc0009048                vfs_fsBottom
                0xc000a000                . = ALIGN (0x1000)
 *fill*         0xc0009054      0xfac 00
 *(COMMON)
 COMMON         0xc000a000      0x810 idt.o
                0xc000a000                idt_table
                0xc000a800                idt_pointer
 COMMON         0xc000a810      0x400 isr.o
                0xc000a810                isr_handlers
 COMMON         0xc000ac10       0x10 ./mm/mm.o
                0xc000ac10                mm_kernelHeap
 COMMON         0xc000ac20       0x10 ./mm/paging.o
                0xc000ac20                paging_kernelPageDir
 COMMON         0xc000ac30       0x20 ./mm/physical.o
                0xc000ac30                physical_bitmapSize
                0xc000ac40                physical_bitmap
 COMMON         0xc000ac50       0x30 ./mm/segmentation.o
                0xc000ac50                segmentation_gdtp
                0xc000ac60                segmentation_gdt
 COMMON         0xc000ac80      0x400 ./pm/scheduler.o
                0xc000ac80                scheduler_queue
 COMMON         0xc000b080       0x40 ./io/dev/console.o
                0xc000b080                console2
                0xc000b090                console1
                0xc000b0a0                console3
                0xc000b0b0                console4
 COMMON         0xc000b0c0       0x10 ./io/dev/keyboard.o
                0xc000b0c0                keyboard_output
 COMMON         0xc000b0d0       0x10 ./fs/fat.o
                0xc000b0d0                mount0
                0xc000c000                . = ALIGN (0x1000)
 *fill*         0xc000b0e0      0xf20 00
                0xc000c000                _end = .
LOAD loader.o
LOAD kernel.o
LOAD idt.o
LOAD irq.o
LOAD isr.o
LOAD kprintf.o
LOAD ./mm/dma.o
LOAD ./mm/mm.o
LOAD ./mm/paging.o
LOAD ./mm/physical.o
LOAD ./mm/segmentation.o
LOAD ./pm/elf.o
LOAD ./pm/process.o
LOAD ./pm/scheduler.o
LOAD ./io/io.o
LOAD ./io/dev/bitbucket.o
LOAD ./io/dev/console.o
LOAD ./io/dev/floppy.o
LOAD ./io/dev/keyboard.o
LOAD ./fs/dfs.o
LOAD ./fs/fat.o
LOAD ./fs/vfs.o
LOAD ./lib/printf.o
LOAD ./lib/string.o
OUTPUT(../../bin/kernel/kernel.coff coff-go32)

.comment        0xc000c000      0x1cc
 .comment       0xc000c000       0x14 kernel.o
 .comment       0xc000c014       0x14 idt.o
 .comment       0xc000c028       0x14 irq.o
 .comment       0xc000c03c       0x14 isr.o
 .comment       0xc000c050       0x14 kprintf.o
 .comment       0xc000c064       0x14 ./mm/dma.o
 .comment       0xc000c078       0x14 ./mm/mm.o
 .comment       0xc000c08c       0x14 ./mm/paging.o
 .comment       0xc000c0a0       0x14 ./mm/physical.o
 .comment       0xc000c0b4       0x14 ./mm/segmentation.o
 .comment       0xc000c0c8       0x14 ./pm/elf.o
 .comment       0xc000c0dc       0x14 ./pm/process.o
 .comment       0xc000c0f0       0x14 ./pm/scheduler.o
 .comment       0xc000c104       0x14 ./io/io.o
 .comment       0xc000c118       0x14 ./io/dev/bitbucket.o
 .comment       0xc000c12c       0x14 ./io/dev/console.o
 .comment       0xc000c140       0x14 ./io/dev/floppy.o
 .comment       0xc000c154       0x14 ./io/dev/keyboard.o
 .comment       0xc000c168       0x14 ./fs/dfs.o
 .comment       0xc000c17c       0x14 ./fs/fat.o
 .comment       0xc000c190       0x14 ./fs/vfs.o
 .comment       0xc000c1a4       0x14 ./lib/printf.o
 .comment       0xc000c1b8       0x14 ./lib/string.o
