
Allocating common symbols
Common symbol       size              file

console2            0x10              ./io/dev/console.o
isr_handlers        0x400             isr.o
keyboard_output     0x10              ./io/dev/keyboard.o
console1            0x10              ./io/dev/console.o
console3            0x10              ./io/dev/console.o
idt_table           0x800             idt.o
physical_bitmapSize
                    0x10              ./mm/physical.o
idt_pointer         0x10              idt.o
physical_bitmap     0x10              ./mm/physical.o
console4            0x10              ./io/dev/console.o
segmentation_gdtp   0x10              ./mm/segmentation.o
mount0              0x10              ./fs/fat.o
paging_kernelPageDir
                    0x10              ./mm/paging.o
mm_kernelHeap       0x10              ./mm/mm.o
segmentation_gdt    0x20              ./mm/segmentation.o
scheduler_queue     0x400             ./pm/scheduler.o

Memory Configuration

Name             Origin             Length             Attributes
*default*        0x00000000         0xffffffff

Linker script and memory map

                0x00100000                phys = 0x100000
                0xc0001000                virt = 0xc0001000

.setup          0x00100000     0x1000 load address 0x00100000
                0x00100000                setup = .
 *(.setup)
 .setup         0x00100000       0x70 loader.o
                0x00100000                setup
                0x00101000                . = ALIGN (0x1000)
 *fill*         0x00100070      0xf90 00

.kernel         0xc0001000     0x7000 load address 0x00101000
                0xc0001000                kernel = .
 *(.kernel)
 .kernel        0xc0001000      0x215 loader.o
                0xc00010fd                isr20
                0xc000112f                isr25
                0xc00011cf                irq09
                0xc0001074                isr03
                0xc00010cb                isr15
                0xc00010a3                isr10
                0xc0001189                irq02
                0xc00010e9                isr18
                0xc000105f                isr00
                0xc000111b                isr23
                0xc000107b                isr04
                0xc000119d                irq04
                0xc000117f                irq01
                0xc0001107                isr21
                0xc0001201                irq14
                0xc00011b1                irq06
                0xc000109c                isr09
                0xc000114d                isr28
                0xc0001139                isr26
                0xc0001157                isr29
                0xc000116b                isr31
                0xc00010ab                isr11
                0xc00010d5                isr16
                0xc00010bb                isr13
                0xc0001125                isr24
                0xc0001193                irq03
                0xc0001000                start
                0xc00011e3                irq11
                0xc0001175                irq00
                0xc00011f7                irq13
                0xc0001089                isr06
                0xc0001097                isr08
                0xc00011c5                irq08
                0xc0001143                isr27
                0xc000106d                isr02
                0xc0001161                isr30
                0xc00010f3                isr19
                0xc00010c3                isr14
                0xc0001066                isr01
                0xc00010df                isr17
                0xc00011d9                irq10
                0xc0001082                isr05
                0xc000120b                irq15
                0xc00010b3                isr12
                0xc00011a7                irq05
                0xc0001111                isr22
                0xc00011ed                irq12
                0xc00011bb                irq07
                0xc0001090                isr07
 *(.text)
 *fill*         0xc0001215        0xb 00
 .text          0xc0001220      0x3c0 kernel.o
                0xc00014ca                kernel_main
                0xc00012e3                kernel_init
                0xc0001377                printdir
                0xc0001345                kernel_panic
                0xc0001275                task1
                0xc00012c0                kernel_lock
                0xc00012b6                outportb
                0xc0001231                kernel_shell
                0xc00012cd                kernel_unlock
                0xc00012ab                inportb
                0xc0001290                task2
 .text          0xc00015e0       0xc0 idt.o
                0xc000161f                idt_init
                0xc00015e0                idt_setEntry
 .text          0xc00016a0       0xd0 irq.o
                0xc000172b                irq_init
                0xc00016a0                irq_remap
 .text          0xc0001770      0x1f0 isr.o
                0xc0001950                isr_setHandler
                0xc00018c1                isr_dispatcher
 .text          0xc0001960       0x20 kprintf.o
                0xc0001960                kprintf
 .text          0xc0001980      0x170 ./mm/dma.o
                0xc0001aba                dma_write
                0xc0001a91                dma_read
                0xc0001980                dma_transfer
 .text          0xc0001af0      0x290 ./mm/mm.o
                0xc0001b97                mm_free
                0xc0001af0                mm_init
                0xc0001c24                mm_malloc
                0xc0001b28                mm_morecore
 .text          0xc0001d80      0x550 ./mm/paging.o
                0xc0001d9b                paging_clearDirectory
                0xc0001d8c                paging_getPageDirectoryEntry
                0xc0002059                paging_destroyDirectory
                0xc0002017                paging_createDirectory
                0xc0002207                paging_init
                0xc0001d84                paging_setCurrentPageDir
                0xc0001ed7                paging_setPageTableEntry
                0xc0001dd5                paging_setPageDirectoryEntry
                0xc000210d                paging_mapKernel
                0xc0001e28                paging_getPageTableEntry
                0xc0001d80                paging_getCurrentPageDir
                0xc0001ff7                paging_pageFaultHandler
 .text          0xc00022d0      0x240 ./mm/physical.o
                0xc00022f2                physical_pageAllocAddress
                0xc00023d4                physical_pageFree
                0xc000241c                physical_init
                0xc0002346                physical_pageAlloc
                0xc00022d0                physical_isPageFree
                0xc0002340                physical_getBitmapSize
 .text          0xc0002510      0x160 ./mm/segmentation.o
                0xc0002573                segmentation_init
                0xc0002510                segmentation_setEntry
 .text          0xc0002670      0x100 ./pm/elf.o
                0xc000268e                elf_load
 .text          0xc0002770      0x1f0 ./pm/process.o
                0xc000278b                process_spawn
                0xc000281c                process_destroy
                0xc0002855                process_create
 .text          0xc0002960      0x130 ./pm/scheduler.o
                0xc0002a6c                scheduler_init
                0xc000296e                scheduler_removeProcesss
                0xc0002a1c                scheduler_ltr
                0xc0002980                scheduler_switch
                0xc0002a22                getESP
                0xc0002a25                scheduler_enable
                0xc0002a5c                scheduler_disable
                0xc0002960                scheduler_addProcess
 .text          0xc0002a90      0x1b0 ./io/io.o
                0xc0002abd                io_open
                0xc0002a90                io_add
                0xc0002be1                io_control
                0xc0002aad                io_remove
                0xc0002c0e                io_init
                0xc0002b50                io_read
                0xc0002baa                io_seek
                0xc0002b1b                io_close
                0xc0002b7d                io_write
 .text          0xc0002c40       0x70 ./io/dev/bitbucket.o
                0xc0002c4b                bitbucket_write
                0xc0002c45                bitbucket_close
                0xc0002c5a                bitbucket_init
                0xc0002c40                bitbucket_open
 .text          0xc0002cb0      0xcd0 ./io/dev/console.o
                0xc0003487                console_create
                0xc00037c5                console_init
                0xc00034d8                console_open
                0xc0003640                console_write
                0xc0002cb0                console_setCursor
                0xc00035a9                console_read
                0xc0002d1f                console_putChar
                0xc00036a4                console_control
                0xc00035a3                console_close
                0xc0002d5c                console_beep
                0xc0002e1e                console_putch
                0xc00033d4                console_activate
                0xc00031f6                console_cls
                0xc0002d7b                console_scrollup
                0xc0002d5d                console_getChar
 .text          0xc0003980     0x14a0 ./io/dev/floppy.o
                0xc0004ba6                floppy_read
                0xc0003ad3                floppy_handler
                0xc0004033                floppy_rwBlock
                0xc0004c1b                floppy_write
                0xc0004a1e                floppy_open
                0xc0003a9f                floppy_off
                0xc0003c2c                floppy_recalibrate
                0xc00039e9                floppy_getbyte
                0xc0003f58                floppy_blockGeometry
                0xc0004b62                floppy_close
                0xc0003d81                floppy_seekcylinder
                0xc0004c90                floppy_seek
                0xc0003ef1                floppy_reset
                0xc0003980                floppy_sendbyte
                0xc0003a56                floppy_on
                0xc0003ae0                floppy_wait
                0xc00049a7                floppy_rw
                0xc0004cf2                floppy_init
 .text          0xc0004e20      0x1b0 ./io/dev/keyboard.o
                0xc0004e20                keyboard_open
                0xc0004e75                keyboard_handler
                0xc0004f3f                keyboard_init
                0xc0004e25                keyboard_close
                0xc0004e2b                keyboard_read
 .text          0xc0004fd0      0x4e0 ./fs/dfs.o
                0xc0004fd0                dfs_add
                0xc00050c5                dfs_unmount
                0xc00051a8                dfs_delete
                0xc00050cb                dfs_open
                0xc0005166                dfs_seek
                0xc00053a7                dfs_list
                0xc0005187                dfs_control
                0xc00051a2                dfs_create
                0xc0005051                dfs_remove
                0xc000514b                dfs_write
                0xc000501d                dfs_find
                0xc000520d                dfs_copy
                0xc0005438                dfs_init
                0xc000511d                dfs_close
                0xc0005130                dfs_read
                0xc00052b3                dfs_rename
                0xc00050b6                dfs_mount
 .text          0xc00054b0     0x1600 ./fs/fat.o
                0xc00067eb                fat_rename
                0xc0005b3a                fat_findEntry
                0xc0006056                fat_mount
                0xc00062b1                fat_unmount
                0xc000680a                fat_copy
                0xc00067ce                fat_delete
                0xc000583b                fat_file2entry
                0xc0005648                fat_rwCluster
                0xc00055f0                fat_cluster2block
                0xc0005db5                fat_processCreate
                0xc000675e                fat_seek
                0xc00057a9                fat_getIndex
                0xc0006404                fat_read
                0xc00067b1                fat_create
                0xc00062ea                fat_open
                0xc00054b0                fat_nextCluster
                0xc0005f6d                fat_processRename
                0xc0006810                fat_list
                0xc0005ee7                fat_processDelete
                0xc0005ae1                fat_setName
                0xc00067ab                fat_control
                0xc0005733                fat_compareName
                0xc0006a34                fat_init
                0xc0006758                fat_write
                0xc0005535                fat_determineType
                0xc0006345                fat_close
 .text          0xc0006ab0      0x7d0 ./fs/vfs.o
                0xc0006ab0                vfs_register
                0xc0007046                vfs_rename
                0xc0006adf                vfs_find
                0xc0006fbe                vfs_delete
                0xc0006be6                vfs_unmount
                0xc0006f36                vfs_create
                0xc00071b4                vfs_list
                0xc0006cf7                vfs_open
                0xc0006e44                vfs_read
                0xc0006f0a                vfs_control
                0xc0007257                vfs_init
                0xc0006cb6                vfs_file2mountpoint
                0xc0006e78                vfs_write
                0xc0006ed4                vfs_seek
                0xc0006e10                vfs_close
                0xc0006afe                vfs_mount
                0xc00070fd                vfs_copy
                0xc0006ad9                vfs_unregister
 .text          0xc0007280      0x420 ./lib/printf.o
                0xc000764b                get
                0xc0007280                printf_putuint
                0xc000739e                printf_puthex
                0xc0007343                printf_putint
                0xc0007632                print
                0xc0007441                printf
 .text          0xc00076a0      0x200 ./lib/string.o
                0xc00076dc                strcmp
                0xc0007762                strncpy
                0xc0007830                memcpy
                0xc000780a                memset
                0xc000774b                strcpy
                0xc0007855                memcmp
                0xc00076fa                strncmp
                0xc00076b6                strrchr
                0xc00076a0                strlen
                0xc00077a2                strstr
                0xc0008000                . = ALIGN (0x1000)
 *fill*         0xc00078a0      0x760 00

.data           0xc0008000     0x1000 load address 0x00108000
                0xc0008000                data = .
 *(.data)
 .data          0xc0008000       0x80 idt.o
                0xc0008000                isr_stubs
 .data          0xc0008080       0x40 irq.o
                0xc0008080                irq_stubs
 .data          0xc00080c0       0x80 isr.o
                0xc00080c0                isr_messages
 .data          0xc0008140       0x30 ./mm/dma.o
                0xc0008168                dma_countport
                0xc0008140                dma_maskreg
                0xc0008158                dma_pageport
                0xc0008148                dma_modereg
                0xc0008160                dma_addressport
                0xc0008150                dma_clearreg
 .data          0xc0008170       0x60 ./io/dev/floppy.o
                0xc0008170                floppy_geometrys
 .data          0xc00081d0       0x80 ./io/dev/keyboard.o
                0xc00081d0                keymap
                0xc0009000                . = ALIGN (0x1000)
 *fill*         0xc0008250      0xdb0 00

.bss            0xc0009000     0x4000 load address 0x00109000
                0xc0009000                bss = .
 *(.bss)
 .bss           0xc0009000     0x1000 loader.o
 .bss           0xc000a000        0x8 kernel.o
                0xc000a004                kernel_lockCount
                0xc000a000                kernel_console
 .bss           0xc000a008        0x4 ./pm/process.o
                0xc000a008                process_total
 .bss           0xc000a00c       0x14 ./pm/scheduler.o
                0xc000a01c                scheduler_tss
                0xc000a014                scheduler_ticks
                0xc000a018                scheduler_currentProcess
                0xc000a010                current_cr3
                0xc000a00c                current_esp
 .bss           0xc000a020        0x4 ./io/dev/console.o
                0xc000a020                console0
 .bss           0xc000a024       0x18 ./io/dev/floppy.o
                0xc000a024                floppy1
                0xc000a028                floppy2
 .bss           0xc000a03c        0x8 ./fs/dfs.o
                0xc000a040                dfs_deviceBottom
                0xc000a03c                dfs_deviceTop
 .bss           0xc000a044       0x10 ./fs/vfs.o
                0xc000a044                vfs_fsTop
                0xc000a050                vfs_mpBottom
                0xc000a04c                vfs_mpTop
                0xc000a048                vfs_fsBottom
                0xc000b000                . = ALIGN (0x1000)
 *fill*         0xc000a054      0xfac 00
 *(COMMON)
 COMMON         0xc000b000      0x810 idt.o
                0xc000b000                idt_table
                0xc000b800                idt_pointer
 COMMON         0xc000b810      0x400 isr.o
                0xc000b810                isr_handlers
 COMMON         0xc000bc10       0x10 ./mm/mm.o
                0xc000bc10                mm_kernelHeap
 COMMON         0xc000bc20       0x10 ./mm/paging.o
                0xc000bc20                paging_kernelPageDir
 COMMON         0xc000bc30       0x20 ./mm/physical.o
                0xc000bc30                physical_bitmapSize
                0xc000bc40                physical_bitmap
 COMMON         0xc000bc50       0x30 ./mm/segmentation.o
                0xc000bc50                segmentation_gdtp
                0xc000bc60                segmentation_gdt
 COMMON         0xc000bc80      0x400 ./pm/scheduler.o
                0xc000bc80                scheduler_queue
 COMMON         0xc000c080       0x40 ./io/dev/console.o
                0xc000c080                console2
                0xc000c090                console1
                0xc000c0a0                console3
                0xc000c0b0                console4
 COMMON         0xc000c0c0       0x10 ./io/dev/keyboard.o
                0xc000c0c0                keyboard_output
 COMMON         0xc000c0d0       0x10 ./fs/fat.o
                0xc000c0d0                mount0
                0xc000d000                . = ALIGN (0x1000)
 *fill*         0xc000c0e0      0xf20 00
                0xc000d000                _end = .
LOAD loader.o
LOAD kernel.o
LOAD idt.o
LOAD irq.o
LOAD isr.o
LOAD kprintf.o
LOAD ./mm/dma.o
LOAD ./mm/mm.o
LOAD ./mm/paging.o
LOAD ./mm/physical.o
LOAD ./mm/segmentation.o
LOAD ./pm/elf.o
LOAD ./pm/process.o
LOAD ./pm/scheduler.o
LOAD ./io/io.o
LOAD ./io/dev/bitbucket.o
LOAD ./io/dev/console.o
LOAD ./io/dev/floppy.o
LOAD ./io/dev/keyboard.o
LOAD ./fs/dfs.o
LOAD ./fs/fat.o
LOAD ./fs/vfs.o
LOAD ./lib/printf.o
LOAD ./lib/string.o
OUTPUT(../../bin/kernel/kernel.coff coff-go32)

.comment        0xc000d000      0x1cc
 .comment       0xc000d000       0x14 kernel.o
 .comment       0xc000d014       0x14 idt.o
 .comment       0xc000d028       0x14 irq.o
 .comment       0xc000d03c       0x14 isr.o
 .comment       0xc000d050       0x14 kprintf.o
 .comment       0xc000d064       0x14 ./mm/dma.o
 .comment       0xc000d078       0x14 ./mm/mm.o
 .comment       0xc000d08c       0x14 ./mm/paging.o
 .comment       0xc000d0a0       0x14 ./mm/physical.o
 .comment       0xc000d0b4       0x14 ./mm/segmentation.o
 .comment       0xc000d0c8       0x14 ./pm/elf.o
 .comment       0xc000d0dc       0x14 ./pm/process.o
 .comment       0xc000d0f0       0x14 ./pm/scheduler.o
 .comment       0xc000d104       0x14 ./io/io.o
 .comment       0xc000d118       0x14 ./io/dev/bitbucket.o
 .comment       0xc000d12c       0x14 ./io/dev/console.o
 .comment       0xc000d140       0x14 ./io/dev/floppy.o
 .comment       0xc000d154       0x14 ./io/dev/keyboard.o
 .comment       0xc000d168       0x14 ./fs/dfs.o
 .comment       0xc000d17c       0x14 ./fs/fat.o
 .comment       0xc000d190       0x14 ./fs/vfs.o
 .comment       0xc000d1a4       0x14 ./lib/printf.o
 .comment       0xc000d1b8       0x14 ./lib/string.o
