Archive member included because of file (symbol)

../../../bin/lib/libc.a(amos.o)
                              hanoi.o (_exit)

Memory Configuration

Name             Origin             Length             Attributes
*default*        0x00000000         0xffffffff

Linker script and memory map

                0x00000000                phys = 0x0
                0x10000000                virt = 0x10000000

.text           0x10000000      0x320 load address 0x00000000
 *(.text)
 .text          0x10000000       0x70 hanoi.o
                0x10000023                _hanoi
                0x10000000                _main
 .text          0x10000070      0x2b0 ../../../bin/lib/libc.a(amos.o)
                0x10000275                _morecore
                0x100002d2                _sleep
                0x10000229                _mount
                0x1000029b                _spawn
                0x10000070                _open
                0x100000a7                _clone
                0x100001f7                _list
                0x100001c8                _copy
                0x1000017f                _delete
                0x10000125                _seek
                0x100002f8                _wait
                0x100002de                _wake
                0x10000199                _rename
                0x10000165                _create
                0x1000025b                _unmount
                0x10000145                _control
                0x100000f3                _write
                0x100002b8                _kill
                0x100000c1                _read
                0x1000028f                _exit
                0x1000008d                _close
                0x10000320                . = ALIGN (0x4)
 *(.data)
                0x10000320                . = ALIGN (0x4)
 *(COMMON)
                0x10000320                . = ALIGN (0x4)
 *(.bss)
                0x10000320                . = ALIGN (0x4)
LOAD hanoi.o
LOAD ../../../bin/lib/libc.a
OUTPUT(../../../bin/apps/hanoi.bin binary)

.comment
