Archive member included because of file (symbol)

../../../bin/lib/libc.a(amos.o)
                              init.o (_exit)
../../../bin/lib/libc.a(stdio.o)
                              init.o (_printf)
../../../bin/lib/libc.a(string.o)
                              ../../../bin/lib/libc.a(stdio.o) (_strlen)

Memory Configuration

Name             Origin             Length             Attributes
*default*        0x00000000         0xffffffff

Linker script and memory map

                0x00000000                phys = 0x0
                0x10000000                virt = 0x10000000

.text           0x10000000      0xa50 load address 0x00000000
 *(.text)
 .text          0x10000000      0x130 init.o
                0x100000ca                _realmain
                0x10000000                _main
 .text          0x10000130      0x2b0 ../../../bin/lib/libc.a(amos.o)
                0x10000335                _morecore
                0x10000392                _sleep
                0x100002e9                _mount
                0x1000035b                _spawn
                0x10000130                _open
                0x10000167                _clone
                0x100002b7                _list
                0x10000288                _copy
                0x1000023f                _delete
                0x100001e5                _seek
                0x100003b8                _wait
                0x1000039e                _wake
                0x10000259                _rename
                0x10000225                _create
                0x1000031b                _unmount
                0x10000205                _control
                0x100001b3                _write
                0x10000378                _kill
                0x10000181                _read
                0x1000034f                _exit
                0x1000014d                _close
 .text          0x100003e0      0x470 ../../../bin/lib/libc.a(stdio.o)
                0x10000804                _putchar
                0x10000787                _get
                0x100003e0                _printf_putuint
                0x10000822                _puts
                0x10000504                _printf_puthex
                0x100004aa                _printf_putint
                0x1000076a                _getch
                0x100005ac                _print
                0x10000751                _printf
 .text          0x10000850      0x200 ../../../bin/lib/libc.a(string.o)
                0x10000892                _strcmp
                0x1000091c                _strncpy
                0x100009de                _memcpy
                0x100009b7                _memset
                0x10000904                _strcpy
                0x10000a04                _memcmp
                0x100008b2                _strncmp
                0x10000869                _strrchr
                0x10000850                _strlen
                0x1000095d                _strstr
                0x10000a50                . = ALIGN (0x4)
 *(.data)
                0x10000a50                . = ALIGN (0x4)
 *(COMMON)
                0x10000a50                . = ALIGN (0x4)
 *(.bss)
                0x10000a50                . = ALIGN (0x4)
LOAD init.o
LOAD ../../../bin/lib/libc.a
OUTPUT(../../../bin/apps/init.bin binary)

.comment
