
Memory Configuration

Name             Origin             Length             Attributes
*default*        0x00000000         0xffffffff

Linker script and memory map

                0x00000000                phys = 0x0
                0x10000000                virt = 0x10000000

.text           0x10000000     0x3390 load address 0x00000000
 *(.text)
 .text          0x10000000      0x790 main.o
                0x100000b0                _tinysh_char_out
                0x10000696                _shell_init
                0x1000001f                _atoi
                0x10000616                _shell_args
                0x10000736                _realmain
                0x10000000                _main
                0x100005e2                _shell_exit
 .text          0x10000790      0xea0 tinysh.o
                0x10001594                _tinysh_atoxi
                0x10000940                _strstart
                0x1000153e                _tinysh_set_prompt
                0x100014f8                _tinysh_add_command
                0x100014df                _tinysh_char_in
                0x1000158a                _tinysh_get_arg
 .text          0x10001630      0x280 ../../lib/amos.o
                0x1000181b                _morecore
                0x1000188a                _sleep
                0x100017cf                _mount
                0x10001841                _spawn
                0x10001630                _open
                0x1000179d                _list
                0x1000176e                _copy
                0x10001725                _delete
                0x100016cb                _seek
                0x10001896                _wake
                0x1000173f                _rename
                0x1000170b                _create
                0x10001801                _unmount
                0x100016eb                _control
                0x10001699                _write
                0x10001870                _kill
                0x10001667                _read
                0x10001835                _exit
                0x1000164d                _close
 .text          0x100018b0      0x430 ../../lib/printf.o
                0x10001c57                _get
                0x100018b0                _printf_putuint
                0x100019d4                _printf_puthex
                0x1000197a                _printf_putint
                0x10001c3a                _getch
                0x10001a7c                _print
                0x10001c21                _printf
 .text          0x10001ce0      0x200 ../../lib/string.o
                0x10001d22                _strcmp
                0x10001dac                _strncpy
                0x10001e6e                _memcpy
                0x10001e47                _memset
                0x10001d94                _strcpy
                0x10001e94                _memcmp
                0x10001d42                _strncmp
                0x10001cf9                _strrchr
                0x10001ce0                _strlen
                0x10001ded                _strstr
                0x10001ee0                . = ALIGN (0x10)
 *(.data)
 .data          0x10001ee0      0x180 main.o
 .data          0x10002060       0xa0 tinysh.o
                0x10002100                . = ALIGN (0x10)
                0x10002100                bss = .
 *(.bss)
 .bss           0x10002100       0x10 main.o
 .bss           0x10002110     0x1280 tinysh.o
                0x10003390                . = ALIGN (0x10)
 *(COMMON)
                0x10003390                . = ALIGN (0x10)
LOAD main.o
LOAD tinysh.o
LOAD ../../lib/amos.o
LOAD ../../lib/printf.o
LOAD ../../lib/string.o
OUTPUT(../../../bin/apps/shell.bin binary)

.comment
