
Memory Configuration

Name             Origin             Length             Attributes
*default*        0x00000000         0xffffffff

Linker script and memory map

                0x00000000                phys = 0x0
                0x10000000                virt = 0x10000000

.text           0x10000000     0x32c0 load address 0x00000000
 *(.text)
 .text          0x10000000      0x6d0 main.o
                0x100000b0                _tinysh_char_out
                0x100005de                _shell_init
                0x1000001f                _atoi
                0x1000055e                _shell_args
                0x1000067e                _realmain
                0x10000000                _main
                0x1000052a                _shell_exit
 .text          0x100006d0      0xea0 tinysh.o
                0x100014d4                _tinysh_atoxi
                0x10000880                _strstart
                0x1000147e                _tinysh_set_prompt
                0x10001438                _tinysh_add_command
                0x1000141f                _tinysh_char_in
                0x100014ca                _tinysh_get_arg
 .text          0x10001570      0x270 ../../lib/amos.o
                0x10001743                _morecore
                0x100017b2                _sleep
                0x100016f7                _mount
                0x10001769                _spawn
                0x10001570                _open
                0x100016dd                _list
                0x100016ae                _copy
                0x10001665                _delete
                0x1000160b                _seek
                0x100017be                _wake
                0x1000167f                _rename
                0x1000164b                _create
                0x10001729                _unmount
                0x1000162b                _control
                0x100015d9                _write
                0x10001798                _kill
                0x100015a7                _read
                0x1000175d                _exit
                0x1000158d                _close
 .text          0x100017e0      0x430 ../../lib/printf.o
                0x10001b87                _get
                0x100017e0                _printf_putuint
                0x10001904                _printf_puthex
                0x100018aa                _printf_putint
                0x10001b6a                _getch
                0x100019ac                _print
                0x10001b51                _printf
 .text          0x10001c10      0x200 ../../lib/string.o
                0x10001c52                _strcmp
                0x10001cdc                _strncpy
                0x10001d9e                _memcpy
                0x10001d77                _memset
                0x10001cc4                _strcpy
                0x10001dc4                _memcmp
                0x10001c72                _strncmp
                0x10001c29                _strrchr
                0x10001c10                _strlen
                0x10001d1d                _strstr
                0x10001e10                . = ALIGN (0x10)
 *(.data)
 .data          0x10001e10      0x180 main.o
 .data          0x10001f90       0xa0 tinysh.o
                0x10002030                . = ALIGN (0x10)
                0x10002030                bss = .
 *(.bss)
 .bss           0x10002030       0x10 main.o
 .bss           0x10002040     0x1280 tinysh.o
                0x100032c0                . = ALIGN (0x10)
 *(COMMON)
                0x100032c0                . = ALIGN (0x10)
LOAD main.o
LOAD tinysh.o
LOAD ../../lib/amos.o
LOAD ../../lib/printf.o
LOAD ../../lib/string.o
OUTPUT(../../../bin/apps/shell.bin binary)

.comment
