
Memory Configuration

Name             Origin             Length             Attributes
*default*        0x00000000         0xffffffff

Linker script and memory map

                0x00000000                phys = 0x0
                0x10000000                virt = 0x10000000

.text           0x10000000      0x910 load address 0x00000000
 *(.text)
 .text          0x10000000       0x60 test.o
                0x10000036                _realmain
                0x10000000                _main
 .text          0x10000060      0x280 ../../lib/amos.o
                0x1000024b                _morecore
                0x100002ba                _sleep
                0x100001ff                _mount
                0x10000271                _spawn
                0x10000060                _open
                0x100001cd                _list
                0x1000019e                _copy
                0x10000155                _delete
                0x100000fb                _seek
                0x100002c6                _wake
                0x1000016f                _rename
                0x1000013b                _create
                0x10000231                _unmount
                0x1000011b                _control
                0x100000c9                _write
                0x100002a0                _kill
                0x10000097                _read
                0x10000265                _exit
                0x1000007d                _close
 .text          0x100002e0      0x430 ../../lib/printf.o
                0x10000687                _get
                0x100002e0                _printf_putuint
                0x10000404                _printf_puthex
                0x100003aa                _printf_putint
                0x1000066a                _getch
                0x100004ac                _print
                0x10000651                _printf
 .text          0x10000710      0x200 ../../lib/string.o
                0x10000752                _strcmp
                0x100007dc                _strncpy
                0x1000089e                _memcpy
                0x10000877                _memset
                0x100007c4                _strcpy
                0x100008c4                _memcmp
                0x10000772                _strncmp
                0x10000729                _strrchr
                0x10000710                _strlen
                0x1000081d                _strstr
                0x10000910                . = ALIGN (0x10)
 *(.data)
                0x10000910                . = ALIGN (0x10)
                0x10000910                bss = .
 *(.bss)
                0x10000910                . = ALIGN (0x10)
 *(COMMON)
                0x10000910                . = ALIGN (0x10)
LOAD test.o
LOAD ../../lib/amos.o
LOAD ../../lib/printf.o
LOAD ../../lib/string.o
OUTPUT(../../../bin/apps/test.bin binary)

.comment
