
Allocating common symbols
Common symbol       size              file

io_calltable        0x20              ./io/io.o
isr_handlers        0x400             isr.o
console_mem         0x10              ./io/dev/console.o
gdt_pointer         0x10              gdt.o
idt_table           0x800             idt.o
physical_bitmapSize
                    0x10              ./mm/physical.o
gdt_table           0x20              gdt.o
idt_pointer         0x10              idt.o
physical_bitmap     0x10              ./mm/physical.o
console_x           0x10              ./io/dev/console.o
paging_kernelPageDir
                    0x10              ./mm/paging.o
console_attrib      0x10              ./io/dev/console.o
scheduler_queue     0x400             ./tasking/scheduler.o
console_y           0x10              ./io/dev/console.o

Memory Configuration

Name             Origin             Length             Attributes
*default*        0x00000000         0xffffffff

Linker script and memory map

                0x00100000                phys = 0x100000
                0xc0001000                virt = 0xc0001000

.setup          0x00100000     0x1000 load address 0x00100000
                0x00100000                setup = .
 *(.setup)
 .setup         0x00100000       0x70 loader.o
                0x00100000                setup
                0x00101000                . = ALIGN (0x1000)
 *fill*         0x00100070      0xf90 00

.kernel         0xc0001000     0x3000 load address 0x00101000
                0xc0001000                kernel = .
 *(.kernel)
 .kernel        0xc0001000      0x215 loader.o
                0xc00010fd                isr20
                0xc000112f                isr25
                0xc00011cf                irq09
                0xc0001074                isr03
                0xc00010cb                isr15
                0xc00010a3                isr10
                0xc0001189                irq02
                0xc00010e9                isr18
                0xc000105f                isr00
                0xc000111b                isr23
                0xc000107b                isr04
                0xc000119d                irq04
                0xc000117f                irq01
                0xc0001107                isr21
                0xc0001201                irq14
                0xc00011b1                irq06
                0xc000109c                isr09
                0xc000114d                isr28
                0xc0001139                isr26
                0xc0001157                isr29
                0xc000116b                isr31
                0xc00010ab                isr11
                0xc00010d5                isr16
                0xc00010bb                isr13
                0xc0001125                isr24
                0xc0001193                irq03
                0xc0001000                start
                0xc00011e3                irq11
                0xc0001175                irq00
                0xc00011f7                irq13
                0xc0001089                isr06
                0xc0001097                isr08
                0xc00011c5                irq08
                0xc0001143                isr27
                0xc000106d                isr02
                0xc0001161                isr30
                0xc00010f3                isr19
                0xc00010c3                isr14
                0xc0001066                isr01
                0xc00010df                isr17
                0xc00011d9                irq10
                0xc0001082                isr05
                0xc000120b                irq15
                0xc00010b3                isr12
                0xc00011a7                irq05
                0xc0001111                isr22
                0xc00011ed                irq12
                0xc00011bb                irq07
                0xc0001090                isr07
 *(.text)
 *fill*         0xc0001215        0xb 00
 .text          0xc0001220       0xb0 kernel.o
                0xc00012a6                kernel_main
                0xc000124e                kernel_init
                0xc0001235                kernel_lock
                0xc000122b                outportb
                0xc000123d                kernel_unlock
                0xc0001220                inportb
 .text          0xc00012d0      0x160 gdt.o
                0xc00012d0                gdt_setEntry
                0xc0001333                gdt_init
 .text          0xc0001430       0xd0 idt.o
                0xc000146f                idt_init
                0xc0001430                idt_setEntry
 .text          0xc0001500       0xd0 irq.o
                0xc000158b                irq_init
                0xc0001500                irq_remap
 .text          0xc00015d0      0x1f0 isr.o
                0xc00017b0                isr_setHandler
                0xc0001721                isr_dispatcher
 .text          0xc00017c0      0x480 debug.o
                0xc0001957                debug_putch
                0xc000188f                debug_putuint
                0xc000197a                debug_kprintf
                0xc0001808                debug_puthex
                0xc00017c0                debug_putint
 .text          0xc0001c40      0x5f0 kprintf.o
                0xc0001c5b                kprintf_putuint
                0xc0001f13                kprintf_puthex
                0xc0001d30                kprintf_putint
                0xc0001fbd                kprintf
                0xc0001c40                strlen
 .text          0xc0002230      0x2a0 ./mm/mm.o
                0xc00022ec                mm_free
                0xc0002230                mm_init
                0xc0002379                mm_malloc
                0xc0002263                mm_morecore
                0xc0002245                mm_memset
 .text          0xc00024d0      0x540 ./mm/paging.o
                0xc00024eb                paging_clearDirectory
                0xc00024dc                paging_getPageDirectoryEntry
                0xc00027a9                paging_destroyDirectory
                0xc0002767                paging_createDirectory
                0xc0002957                paging_init
                0xc00024d4                paging_setCurrentPageDir
                0xc0002627                paging_setPageTableEntry
                0xc0002525                paging_setPageDirectoryEntry
                0xc000285d                paging_mapKernel
                0xc0002578                paging_getPageTableEntry
                0xc00024d0                paging_getCurrentPageDir
                0xc0002747                paging_pageFaultHandler
 .text          0xc0002a10      0x240 ./mm/physical.o
                0xc0002a32                physical_pageAllocAddress
                0xc0002b14                physical_pageFree
                0xc0002b5c                physical_init
                0xc0002a86                physical_pageAlloc
                0xc0002a10                physical_isPageFree
                0xc0002a80                physical_getBitmapSize
 .text          0xc0002c50      0x150 ./tasking/scheduler.o
                0xc0002d4b                scheduler_init
                0xc0002c6b                Thread2
                0xc0002c50                Thread1
                0xc0002d42                scheduler_ltr
                0xc0002c86                scheduler_addTask
                0xc0002ca6                scheduler_switch
                0xc0002d48                getESP
                0xc0002c94                scheduler_removeTask
 .text          0xc0002da0      0x130 ./tasking/task.o
                0xc0002da0                task_destroy
                0xc0002dcc                task_create
 .text          0xc0002ed0      0x100 ./io/io.o
                0xc0002ed0                strcmp
                0xc0002edc                io_open
                0xc0002ed6                io_getDevice
                0xc0002f86                io_init
                0xc0002f26                io_read
                0xc0002efe                io_close
                0xc0002f56                io_write
 .text          0xc0002fd0      0x420 ./io/dev/console.o
                0xc0003380                console_init
                0xc00031cc                console_getAttrib
                0xc0002fd0                console_open
                0xc0002fff                console_write
                0xc000327f                console_setCursor
                0xc0002ff9                console_read
                0xc0003177                console_putChar
                0xc0002fe4                console_close
                0xc000337f                console_beep
                0xc0003035                console_putch
                0xc00032e3                console_cls
                0xc00031ea                console_scrollup
                0xc00031c2                console_setAttrib
                0xc00031a5                console_getChar
                0xc0004000                . = ALIGN (0x1000)
 *fill*         0xc00033f0      0xc10 00

.data           0xc0004000     0x1000 load address 0x00104000
                0xc0004000                data = .
 *(.data)
 .data          0xc0004000       0x80 idt.o
                0xc0004000                isr_stubs
 .data          0xc0004080       0x40 irq.o
                0xc0004080                irq_stubs
 .data          0xc00040c0       0x80 isr.o
                0xc00040c0                isr_messages
                0xc0005000                . = ALIGN (0x1000)
 *fill*         0xc0004140      0xec0 00

.bss            0xc0005000     0x4000 load address 0x00105000
                0xc0005000                bss = .
 *(.bss)
 .bss           0xc0005000     0x1000 loader.o
 .bss           0xc0006000        0x4 kernel.o
                0xc0006000                kernel_lockCount
 .bss           0xc0006004        0x4 kprintf.o
                0xc0006004                kprintf_consoleHandle
 .bss           0xc0006008        0x8 ./mm/mm.o
                0xc0006008                mm_heapTop
                0xc000600c                mm_heapBottom
 .bss           0xc0006010       0x14 ./tasking/scheduler.o
                0xc0006020                scheduler_tss
                0xc0006018                scheduler_ticks
                0xc0006014                current_cr3
                0xc000601c                scheduler_currentTask
                0xc0006010                current_esp
 .bss           0xc0006024        0x4 ./tasking/task.o
                0xc0006024                task_total
                0xc0007000                . = ALIGN (0x1000)
 *fill*         0xc0006028      0xfd8 00
 *(COMMON)
 COMMON         0xc0007000       0x30 gdt.o
                0xc0007000                gdt_pointer
                0xc0007010                gdt_table
 COMMON         0xc0007030      0x810 idt.o
                0xc0007030                idt_table
                0xc0007830                idt_pointer
 COMMON         0xc0007840      0x400 isr.o
                0xc0007840                isr_handlers
 COMMON         0xc0007c40       0x10 ./mm/paging.o
                0xc0007c40                paging_kernelPageDir
 COMMON         0xc0007c50       0x20 ./mm/physical.o
                0xc0007c50                physical_bitmapSize
                0xc0007c60                physical_bitmap
 COMMON         0xc0007c70      0x400 ./tasking/scheduler.o
                0xc0007c70                scheduler_queue
 COMMON         0xc0008070       0x20 ./io/io.o
                0xc0008070                io_calltable
 COMMON         0xc0008090       0x40 ./io/dev/console.o
                0xc0008090                console_mem
                0xc00080a0                console_x
                0xc00080b0                console_attrib
                0xc00080c0                console_y
                0xc0009000                . = ALIGN (0x1000)
 *fill*         0xc00080d0      0xf30 00
                0xc0009000                _end = .
LOAD loader.o
LOAD kernel.o
LOAD gdt.o
LOAD idt.o
LOAD irq.o
LOAD isr.o
LOAD debug.o
LOAD kprintf.o
LOAD ./mm/mm.o
LOAD ./mm/paging.o
LOAD ./mm/physical.o
LOAD ./tasking/scheduler.o
LOAD ./tasking/task.o
LOAD ./io/io.o
LOAD ./io/dev/console.o
OUTPUT(../../bin/kernel.coff coff-go32)

.comment        0xc0009000      0x118
 .comment       0xc0009000       0x14 kernel.o
 .comment       0xc0009014       0x14 gdt.o
 .comment       0xc0009028       0x14 idt.o
 .comment       0xc000903c       0x14 irq.o
 .comment       0xc0009050       0x14 isr.o
 .comment       0xc0009064       0x14 debug.o
 .comment       0xc0009078       0x14 kprintf.o
 .comment       0xc000908c       0x14 ./mm/mm.o
 .comment       0xc00090a0       0x14 ./mm/paging.o
 .comment       0xc00090b4       0x14 ./mm/physical.o
 .comment       0xc00090c8       0x14 ./tasking/scheduler.o
 .comment       0xc00090dc       0x14 ./tasking/task.o
 .comment       0xc00090f0       0x14 ./io/io.o
 .comment       0xc0009104       0x14 ./io/dev/console.o
