
Allocating common symbols
Common symbol       size              file

isr_handlers        0x400             isr.o
console_mem         0x10              console.o
paging_pageDir      0x10              ./mm/paging.o
gdt_pointer         0x10              gdt.o
idt_table           0x800             idt.o
physical_bitmapSize
                    0x10              ./mm/physical.o
gdt_table           0x20              gdt.o
idt_pointer         0x10              idt.o
physical_bitmap     0x10              ./mm/physical.o
console_x           0x10              console.o
PACKED              0x50              isr.o
tasking_queue       0x400             ./tasking/tasking.o
console_attrib      0x10              console.o
tasking_currentTask
                    0x10              ./tasking/tasking.o
console_y           0x10              console.o

Memory Configuration

Name             Origin             Length             Attributes
*default*        0x00000000         0xffffffff

Linker script and memory map

                0x00100000                phys = 0x100000
                0xc0001000                virt = 0xc0001000

.setup          0x00100000     0x1000 load address 0x00100000
                0x00100000                setup = .
 *(.setup)
 .setup         0x00100000       0x70 loader.o
                0x00100000                setup
                0x00101000                . = ALIGN (0x1000)
 *fill*         0x00100070      0xf90 00

.kernel         0xc0001000     0x2000 load address 0x00101000
                0xc0001000                kernel = .
 *(.kernel)
 .kernel        0xc0001000      0x1fe loader.o
                0xc00010e6                isr20
                0xc0001118                isr25
                0xc00011b8                irq09
                0xc0001066                isr03
                0xc00010b4                isr15
                0xc0001095                isr10
                0xc0001172                irq02
                0xc00010d2                isr18
                0xc0001051                isr00
                0xc0001104                isr23
                0xc000106d                isr04
                0xc0001186                irq04
                0xc0001168                irq01
                0xc00010f0                isr21
                0xc00011ea                irq14
                0xc000119a                irq06
                0xc000108e                isr09
                0xc0001136                isr28
                0xc0001122                isr26
                0xc0001140                isr29
                0xc0001154                isr31
                0xc000109a                isr11
                0xc00010be                isr16
                0xc00010a4                isr13
                0xc000110e                isr24
                0xc000117c                irq03
                0xc0001000                start
                0xc00011cc                irq11
                0xc000115e                irq00
                0xc00011e0                irq13
                0xc000107b                isr06
                0xc0001089                isr08
                0xc00011ae                irq08
                0xc000112c                isr27
                0xc000105f                isr02
                0xc000114a                isr30
                0xc00010dc                isr19
                0xc00010ac                isr14
                0xc0001058                isr01
                0xc00010c8                isr17
                0xc00011c2                irq10
                0xc0001074                isr05
                0xc00011f4                irq15
                0xc000109f                isr12
                0xc0001190                irq05
                0xc00010fa                isr22
                0xc00011d6                irq12
                0xc00011a4                irq07
                0xc0001082                isr07
 *(.text)
 *fill*         0xc00011fe        0x2 00
 .text          0xc0001200       0xa0 kernel.o
                0xc000124f                kernel_init
                0xc0001200                memset
                0xc0001236                kernel_lock
                0xc0001229                outportb
                0xc000123e                kernel_unlock
                0xc0001233                kernel_getESP
                0xc000121e                inportb
 .text          0xc00012a0      0x7b0 console.o
                0xc00018f2                console_init
                0xc0001728                console_getAttrib
                0xc00017db                console_setCursor
                0xc00016d3                console_putChar
                0xc00014c8                console_putuint
                0xc00018de                console_beep
                0xc0001441                console_puthex
                0xc0001590                console_putch
                0xc00012a0                kprintf
                0xc000183f                console_cls
                0xc0001746                console_scrollup
                0xc000171e                console_setAttrib
                0xc00013f9                console_putint
                0xc0001701                console_getChar
 .text          0xc0001a50      0x160 gdt.o
                0xc0001a50                gdt_setEntry
                0xc0001aa6                gdt_init
 .text          0xc0001bb0       0xd0 idt.o
                0xc0001bef                idt_init
                0xc0001bb0                idt_setEntry
 .text          0xc0001c80       0xd0 irq.o
                0xc0001d0b                irq_init
                0xc0001c80                irq_remap
 .text          0xc0001d50      0x1e0 isr.o
                0xc0001f1b                isr_setHandler
                0xc0001ea1                isr_dispatcher
 .text          0xc0001f30      0x480 debug.o
                0xc00020c7                debug_putch
                0xc0001fff                debug_putuint
                0xc00020ea                debug_kprintf
                0xc0001f78                debug_puthex
                0xc0001f30                debug_putint
 .text          0xc00023b0      0x290 ./mm/mm.o
                0xc000244f                mm_free
                0xc00023b0                mm_init
                0xc00024dc                mm_malloc
                0xc00023c5                mm_morecore
 .text          0xc0002640      0x370 ./mm/paging.o
                0xc000265d                paging_clearDirectory
                0xc000264c                paging_getPageDirectoryEntry
                0xc00028f9                paging_init
                0xc0002644                paging_setCurrentPageDir
                0xc0002799                paging_setPageTableEntry
                0xc000269b                paging_setPageDirectoryEntry
                0xc00026de                paging_getPageTableEntry
                0xc0002640                paging_getCurrentPageDir
                0xc00028d9                paging_pageFaultHandler
 .text          0xc00029b0      0x240 ./mm/physical.o
                0xc00029d2                physical_pageAllocAddress
                0xc0002ab4                physical_pageFree
                0xc0002afc                physical_init
                0xc0002a26                physical_pageAlloc
                0xc00029b0                physical_isPageFree
                0xc0002a20                physical_getBitmapSize
 .text          0xc0002bf0      0x190 ./tasking/tasking.o
                0xc0002c8f                tasking_init
                0xc0002c03                tasking_schedule
                0xc0003000                . = ALIGN (0x1000)
 *fill*         0xc0002d80      0x280 00

.data           0xc0003000     0x1000 load address 0x00103000
                0xc0003000                data = .
 *(.data)
 .data          0xc0003000       0x80 idt.o
                0xc0003000                isr_stubs
 .data          0xc0003080       0x40 irq.o
                0xc0003080                irq_stubs
 .data          0xc00030c0       0x80 isr.o
                0xc00030c0                isr_messages
                0xc0004000                . = ALIGN (0x1000)
 *fill*         0xc0003140      0xec0 00

.bss            0xc0004000     0x4000 load address 0x00104000
                0xc0004000                bss = .
 *(.bss)
 .bss           0xc0004000     0x1000 loader.o
 .bss           0xc0005000        0x4 kernel.o
                0xc0005000                kernel_lockCount
 .bss           0xc0005004        0x8 ./mm/mm.o
                0xc0005004                mm_heapTop
                0xc0005008                mm_heapBottom
 .bss           0xc000500c        0x4 ./tasking/tasking.o
                0xc000500c                tasking_ticks
                0xc0006000                . = ALIGN (0x1000)
 *fill*         0xc0005010      0xff0 00
 *(COMMON)
 COMMON         0xc0006000       0x40 console.o
                0xc0006000                console_mem
                0xc0006010                console_x
                0xc0006020                console_attrib
                0xc0006030                console_y
 COMMON         0xc0006040       0x30 gdt.o
                0xc0006040                gdt_pointer
                0xc0006050                gdt_table
 COMMON         0xc0006070      0x810 idt.o
                0xc0006070                idt_table
                0xc0006870                idt_pointer
 COMMON         0xc0006880      0x450 isr.o
                0xc0006880                isr_handlers
                0xc0006c80                PACKED
 COMMON         0xc0006cd0       0x10 ./mm/paging.o
                0xc0006cd0                paging_pageDir
 COMMON         0xc0006ce0       0x20 ./mm/physical.o
                0xc0006ce0                physical_bitmapSize
                0xc0006cf0                physical_bitmap
 COMMON         0xc0006d00      0x410 ./tasking/tasking.o
                0xc0006d00                tasking_queue
                0xc0007100                tasking_currentTask
                0xc0008000                . = ALIGN (0x1000)
 *fill*         0xc0007110      0xef0 00
                0xc0008000                _end = .
LOAD loader.o
LOAD kernel.o
LOAD console.o
LOAD gdt.o
LOAD idt.o
LOAD irq.o
LOAD isr.o
LOAD debug.o
LOAD ./mm/mm.o
LOAD ./mm/paging.o
LOAD ./mm/physical.o
LOAD ./tasking/tasking.o
OUTPUT(../../bin/kernel.bin coff-go32)

.comment        0xc0008000       0xdc
 .comment       0xc0008000       0x14 kernel.o
 .comment       0xc0008014       0x14 console.o
 .comment       0xc0008028       0x14 gdt.o
 .comment       0xc000803c       0x14 idt.o
 .comment       0xc0008050       0x14 irq.o
 .comment       0xc0008064       0x14 isr.o
 .comment       0xc0008078       0x14 debug.o
 .comment       0xc000808c       0x14 ./mm/mm.o
 .comment       0xc00080a0       0x14 ./mm/paging.o
 .comment       0xc00080b4       0x14 ./mm/physical.o
 .comment       0xc00080c8       0x14 ./tasking/tasking.o
