
Allocating common symbols
Common symbol       size              file

console2            0x10              ./io/dev/console.o
isr_handlers        0x400             isr.o
keyboard_output     0x10              ./io/dev/keyboard.o
console1            0x10              ./io/dev/console.o
console3            0x10              ./io/dev/console.o
idt_table           0x800             idt.o
kernel_kout         0x10              kernel.o
physical_bitmapSize
                    0x10              ./mm/physical.o
idt_pointer         0x10              idt.o
physical_bitmap     0x10              ./mm/physical.o
console4            0x10              ./io/dev/console.o
segmentation_gdtp   0x10              ./mm/segmentation.o
mount0              0x10              ./fs/fat.o
paging_kernelPageDir
                    0x10              ./mm/paging.o
mm_kernelHeap       0x10              ./mm/mm.o
segmentation_gdt    0x20              ./mm/segmentation.o
scheduler_queue     0x400             ./tasking/scheduler.o

Memory Configuration

Name             Origin             Length             Attributes
*default*        0x00000000         0xffffffff

Linker script and memory map

                0x00100000                phys = 0x100000
                0xc0001000                virt = 0xc0001000

.setup          0x00100000     0x1000 load address 0x00100000
                0x00100000                setup = .
 *(.setup)
 .setup         0x00100000       0x70 loader.o
                0x00100000                setup
                0x00101000                . = ALIGN (0x1000)
 *fill*         0x00100070      0xf90 00

.kernel         0xc0001000     0x6000 load address 0x00101000
                0xc0001000                kernel = .
 *(.kernel)
 .kernel        0xc0001000      0x215 loader.o
                0xc00010fd                isr20
                0xc000112f                isr25
                0xc00011cf                irq09
                0xc0001074                isr03
                0xc00010cb                isr15
                0xc00010a3                isr10
                0xc0001189                irq02
                0xc00010e9                isr18
                0xc000105f                isr00
                0xc000111b                isr23
                0xc000107b                isr04
                0xc000119d                irq04
                0xc000117f                irq01
                0xc0001107                isr21
                0xc0001201                irq14
                0xc00011b1                irq06
                0xc000109c                isr09
                0xc000114d                isr28
                0xc0001139                isr26
                0xc0001157                isr29
                0xc000116b                isr31
                0xc00010ab                isr11
                0xc00010d5                isr16
                0xc00010bb                isr13
                0xc0001125                isr24
                0xc0001193                irq03
                0xc0001000                start
                0xc00011e3                irq11
                0xc0001175                irq00
                0xc00011f7                irq13
                0xc0001089                isr06
                0xc0001097                isr08
                0xc00011c5                irq08
                0xc0001143                isr27
                0xc000106d                isr02
                0xc0001161                isr30
                0xc00010f3                isr19
                0xc00010c3                isr14
                0xc0001066                isr01
                0xc00010df                isr17
                0xc00011d9                irq10
                0xc0001082                isr05
                0xc000120b                irq15
                0xc00010b3                isr12
                0xc00011a7                irq05
                0xc0001111                isr22
                0xc00011ed                irq12
                0xc00011bb                irq07
                0xc0001090                isr07
 *(.text)
 *fill*         0xc0001215        0xb 00
 .text          0xc0001220      0x1d0 kernel.o
                0xc0001364                kernel_main
                0xc00012e3                kernel_init
                0xc0001275                task1
                0xc00012c0                kernel_lock
                0xc00012b6                outportb
                0xc0001336                kernel_panik
                0xc0001231                kernel_shell
                0xc00012cd                kernel_unlock
                0xc00012ab                inportb
                0xc0001290                task2
 .text          0xc00013f0       0xc0 idt.o
                0xc000142f                idt_init
                0xc00013f0                idt_setEntry
 .text          0xc00014b0       0xd0 irq.o
                0xc000153b                irq_init
                0xc00014b0                irq_remap
 .text          0xc0001580      0x1f0 isr.o
                0xc0001760                isr_setHandler
                0xc00016d1                isr_dispatcher
 .text          0xc0001770       0x20 kprintf.o
                0xc0001770                kprintf
 .text          0xc0001790      0x170 ./mm/dma.o
                0xc00018ca                dma_write
                0xc00018a1                dma_read
                0xc0001790                dma_transfer
 .text          0xc0001900      0x290 ./mm/mm.o
                0xc00019a7                mm_free
                0xc0001900                mm_init
                0xc0001a34                mm_malloc
                0xc0001938                mm_morecore
 .text          0xc0001b90      0x550 ./mm/paging.o
                0xc0001bab                paging_clearDirectory
                0xc0001b9c                paging_getPageDirectoryEntry
                0xc0001e69                paging_destroyDirectory
                0xc0001e27                paging_createDirectory
                0xc0002017                paging_init
                0xc0001b94                paging_setCurrentPageDir
                0xc0001ce7                paging_setPageTableEntry
                0xc0001be5                paging_setPageDirectoryEntry
                0xc0001f1d                paging_mapKernel
                0xc0001c38                paging_getPageTableEntry
                0xc0001b90                paging_getCurrentPageDir
                0xc0001e07                paging_pageFaultHandler
 .text          0xc00020e0      0x240 ./mm/physical.o
                0xc0002102                physical_pageAllocAddress
                0xc00021e4                physical_pageFree
                0xc000222c                physical_init
                0xc0002156                physical_pageAlloc
                0xc00020e0                physical_isPageFree
                0xc0002150                physical_getBitmapSize
 .text          0xc0002320      0x160 ./mm/segmentation.o
                0xc0002383                segmentation_init
                0xc0002320                segmentation_setEntry
 .text          0xc0002480      0x130 ./tasking/scheduler.o
                0xc000258c                scheduler_init
                0xc000253c                scheduler_ltr
                0xc0002480                scheduler_addTask
                0xc00024a0                scheduler_switch
                0xc0002542                getESP
                0xc0002545                scheduler_enable
                0xc000248e                scheduler_removeTask
                0xc000257c                scheduler_disable
 .text          0xc00025b0      0x140 ./tasking/task.o
                0xc00025b0                task_destroy
                0xc00025e9                task_create
 .text          0xc00026f0      0x1a0 ./io/io.o
                0xc0002719                io_open
                0xc00026f0                io_add
                0xc000283d                io_control
                0xc0002709                io_remove
                0xc000286a                io_init
                0xc00027ac                io_read
                0xc0002806                io_seek
                0xc0002777                io_close
                0xc00027d9                io_write
 .text          0xc0002890       0x70 ./io/dev/bitbucket.o
                0xc000289b                bitbucket_write
                0xc0002895                bitbucket_close
                0xc00028aa                bitbucket_init
                0xc0002890                bitbucket_open
 .text          0xc0002900      0xcd0 ./io/dev/console.o
                0xc00030e1                console_create
                0xc0003418                console_init
                0xc0003132                console_open
                0xc000329a                console_write
                0xc0002900                console_setCursor
                0xc0003203                console_read
                0xc000296f                console_putChar
                0xc00032fe                console_control
                0xc00031fd                console_close
                0xc00029ac                console_beep
                0xc0002a6e                console_putch
                0xc0003035                console_activate
                0xc0002e57                console_cls
                0xc00029cb                console_scrollup
                0xc00029ad                console_getChar
 .text          0xc00035d0     0x12f0 ./io/dev/floppy.o
                0xc00046dd                floppy_read
                0xc0003723                floppy_handler
                0xc0004758                floppy_write
                0xc0004555                floppy_open
                0xc00036ef                floppy_off
                0xc000387c                floppy_recalibrate
                0xc0003639                floppy_getbyte
                0xc0003ba8                floppy_blockGeometry
                0xc0004699                floppy_close
                0xc00039d1                floppy_seekcylinder
                0xc000475e                floppy_seek
                0xc0003b41                floppy_reset
                0xc00035d0                floppy_sendbyte
                0xc00036a6                floppy_on
                0xc0003c83                floppy_readBlock
                0xc0003730                floppy_wait
                0xc0004790                floppy_init
 .text          0xc00048c0      0x1a0 ./io/dev/keyboard.o
                0xc00048c0                keyboard_open
                0xc0004915                keyboard_handler
                0xc00049dd                keyboard_init
                0xc00048c5                keyboard_close
                0xc00048cb                keyboard_read
 .text          0xc0004a60      0x450 ./fs/dfs.o
                0xc0004a60                dfs_add
                0xc0004b43                dfs_unmount
                0xc0004c26                dfs_delete
                0xc0004b49                dfs_open
                0xc0004be4                dfs_seek
                0xc0004db8                dfs_list
                0xc0004c05                dfs_control
                0xc0004c20                dfs_create
                0xc0004adf                dfs_remove
                0xc0004bc9                dfs_write
                0xc0004aab                dfs_find
                0xc0004c84                dfs_copy
                0xc0004e37                dfs_init
                0xc0004b9b                dfs_close
                0xc0004bae                dfs_read
                0xc0004d1e                dfs_rename
                0xc0004b3d                dfs_mount
 .text          0xc0004eb0      0x890 ./fs/fat.o
                0xc00056aa                fat_rename
                0xc00050b0                fat_loadCluster
                0xc0005376                fat_mount
                0xc0005641                fat_unmount
                0xc00056b0                fat_copy
                0xc00056a4                fat_delete
                0xc0005692                fat_seek
                0xc0005686                fat_read
                0xc000569e                fat_create
                0xc000567a                fat_open
                0xc00056b6                fat_list
                0xc000525b                fat_getEntryIndex
                0xc000502a                fat_clusterToBlock
                0xc0005698                fat_control
                0xc0004eb0                fat_getFATEntry
                0xc00051ad                fat_compareName
                0xc00056bc                fat_init
                0xc000568c                fat_write
                0xc0004f53                fat_determineType
                0xc0005680                fat_close
 .text          0xc0005740      0x5c0 ./fs/vfs.o
                0xc0005740                vfs_register
                0xc0005bae                vfs_rename
                0xc0005775                vfs_find
                0xc0005b50                vfs_delete
                0xc0005882                vfs_unmount
                0xc0005aee                vfs_create
                0xc0005c72                vfs_list
                0xc000596d                vfs_open
                0xc0005a34                vfs_read
                0xc0005ac2                vfs_control
                0xc0005cd9                vfs_init
                0xc000592c                vfs_file2mountpoint
                0xc0005a60                vfs_write
                0xc0005a8c                vfs_seek
                0xc0005a00                vfs_close
                0xc0005794                vfs_mount
                0xc0005c10                vfs_copy
                0xc000576f                vfs_unregister
 .text          0xc0005d00      0x430 ./lib/printf.o
                0xc00060d8                get
                0xc0005d00                printf_putuint
                0xc0005e1e                printf_puthex
                0xc0005dc3                printf_putint
                0xc00060bf                print
                0xc0005ec1                printf
 .text          0xc0006130      0x1e0 ./lib/string.o
                0xc000614b                strcmp
                0xc00061d1                strncpy
                0xc00062a2                memcpy
                0xc000627c                memset
                0xc00061ba                strcpy
                0xc00062c7                memcmp
                0xc0006169                strncmp
                0xc0006130                strlen
                0xc0006211                strstr
                0xc0007000                . = ALIGN (0x1000)
 *fill*         0xc0006310      0xcf0 00

.data           0xc0007000     0x1000 load address 0x00107000
                0xc0007000                data = .
 *(.data)
 .data          0xc0007000       0x80 idt.o
                0xc0007000                isr_stubs
 .data          0xc0007080       0x40 irq.o
                0xc0007080                irq_stubs
 .data          0xc00070c0       0x80 isr.o
                0xc00070c0                isr_messages
 .data          0xc0007140       0x30 ./mm/dma.o
                0xc0007168                dma_countport
                0xc0007140                dma_maskreg
                0xc0007158                dma_pageport
                0xc0007148                dma_modereg
                0xc0007160                dma_addressport
                0xc0007150                dma_clearreg
 .data          0xc0007170       0x60 ./io/dev/floppy.o
                0xc0007170                floppy_geometrys
 .data          0xc00071d0       0x80 ./io/dev/keyboard.o
                0xc00071d0                keymap
                0xc0008000                . = ALIGN (0x1000)
 *fill*         0xc0007250      0xdb0 00

.bss            0xc0008000     0x4000 load address 0x00108000
                0xc0008000                bss = .
 *(.bss)
 .bss           0xc0008000     0x1000 loader.o
 .bss           0xc0009000        0x4 kernel.o
                0xc0009000                kernel_lockCount
 .bss           0xc0009004       0x14 ./tasking/scheduler.o
                0xc0009014                scheduler_tss
                0xc000900c                scheduler_ticks
                0xc0009008                current_cr3
                0xc0009010                scheduler_currentTask
                0xc0009004                current_esp
 .bss           0xc0009018        0x4 ./tasking/task.o
                0xc0009018                task_total
 .bss           0xc000901c        0x4 ./io/dev/console.o
                0xc000901c                console0
 .bss           0xc0009020       0x18 ./io/dev/floppy.o
                0xc0009020                floppy1
                0xc0009024                floppy2
 .bss           0xc0009038        0x8 ./fs/dfs.o
                0xc000903c                device_bottom
                0xc0009038                device_top
 .bss           0xc0009040       0x10 ./fs/vfs.o
                0xc000904c                mount_bottom
                0xc0009044                fs_bottom
                0xc0009048                mount_top
                0xc0009040                fs_top
                0xc000a000                . = ALIGN (0x1000)
 *fill*         0xc0009050      0xfb0 00
 *(COMMON)
 COMMON         0xc000a000       0x10 kernel.o
                0xc000a000                kernel_kout
 COMMON         0xc000a010      0x810 idt.o
                0xc000a010                idt_table
                0xc000a810                idt_pointer
 COMMON         0xc000a820      0x400 isr.o
                0xc000a820                isr_handlers
 COMMON         0xc000ac20       0x10 ./mm/mm.o
                0xc000ac20                mm_kernelHeap
 COMMON         0xc000ac30       0x10 ./mm/paging.o
                0xc000ac30                paging_kernelPageDir
 COMMON         0xc000ac40       0x20 ./mm/physical.o
                0xc000ac40                physical_bitmapSize
                0xc000ac50                physical_bitmap
 COMMON         0xc000ac60       0x30 ./mm/segmentation.o
                0xc000ac60                segmentation_gdtp
                0xc000ac70                segmentation_gdt
 COMMON         0xc000ac90      0x400 ./tasking/scheduler.o
                0xc000ac90                scheduler_queue
 COMMON         0xc000b090       0x40 ./io/dev/console.o
                0xc000b090                console2
                0xc000b0a0                console1
                0xc000b0b0                console3
                0xc000b0c0                console4
 COMMON         0xc000b0d0       0x10 ./io/dev/keyboard.o
                0xc000b0d0                keyboard_output
 COMMON         0xc000b0e0       0x10 ./fs/fat.o
                0xc000b0e0                mount0
                0xc000c000                . = ALIGN (0x1000)
 *fill*         0xc000b0f0      0xf10 00
                0xc000c000                _end = .
LOAD loader.o
LOAD kernel.o
LOAD idt.o
LOAD irq.o
LOAD isr.o
LOAD kprintf.o
LOAD ./mm/dma.o
LOAD ./mm/mm.o
LOAD ./mm/paging.o
LOAD ./mm/physical.o
LOAD ./mm/segmentation.o
LOAD ./tasking/scheduler.o
LOAD ./tasking/task.o
LOAD ./io/io.o
LOAD ./io/dev/bitbucket.o
LOAD ./io/dev/console.o
LOAD ./io/dev/floppy.o
LOAD ./io/dev/keyboard.o
LOAD ./fs/dfs.o
LOAD ./fs/fat.o
LOAD ./fs/vfs.o
LOAD ./lib/printf.o
LOAD ./lib/string.o
OUTPUT(../../bin/kernel.coff coff-go32)

.comment        0xc000c000      0x1b8
 .comment       0xc000c000       0x14 kernel.o
 .comment       0xc000c014       0x14 idt.o
 .comment       0xc000c028       0x14 irq.o
 .comment       0xc000c03c       0x14 isr.o
 .comment       0xc000c050       0x14 kprintf.o
 .comment       0xc000c064       0x14 ./mm/dma.o
 .comment       0xc000c078       0x14 ./mm/mm.o
 .comment       0xc000c08c       0x14 ./mm/paging.o
 .comment       0xc000c0a0       0x14 ./mm/physical.o
 .comment       0xc000c0b4       0x14 ./mm/segmentation.o
 .comment       0xc000c0c8       0x14 ./tasking/scheduler.o
 .comment       0xc000c0dc       0x14 ./tasking/task.o
 .comment       0xc000c0f0       0x14 ./io/io.o
 .comment       0xc000c104       0x14 ./io/dev/bitbucket.o
 .comment       0xc000c118       0x14 ./io/dev/console.o
 .comment       0xc000c12c       0x14 ./io/dev/floppy.o
 .comment       0xc000c140       0x14 ./io/dev/keyboard.o
 .comment       0xc000c154       0x14 ./fs/dfs.o
 .comment       0xc000c168       0x14 ./fs/fat.o
 .comment       0xc000c17c       0x14 ./fs/vfs.o
 .comment       0xc000c190       0x14 ./lib/printf.o
 .comment       0xc000c1a4       0x14 ./lib/string.o
