
Allocating common symbols
Common symbol       size              file

pm_bitmap           0x10              ./mm/physical.o
isr_handlers        0x400             isr.o
console_mem         0x10              console.o
gdt_pointer         0x10              gdt.o
idt_table           0x800             idt.o
gdt_table           0x20              gdt.o
idt_pointer         0x10              idt.o
console_x           0x10              console.o
PACKED              0x50              isr.o
pagedirectory       0x10              ./mm/paging.o
console_attrib      0x10              console.o
console_y           0x10              console.o

Memory Configuration

Name             Origin             Length             Attributes
*default*        0x00000000         0xffffffff

Linker script and memory map

                0x00100000                phys = 0x100000
                0xc0001000                virt = 0xc0001000

.setup          0x00100000     0x1000 load address 0x00100000
                0x00100000                setup = .
 *(.setup)
 .setup         0x00100000       0xa0 loader.o
                0x00100000                setup
                0x00101000                . = ALIGN (0x1000)
 *fill*         0x001000a0      0xf60 00

.kernel         0xc0001000     0x2000 load address 0x00101000
                0xc0001000                kernel = .
 *(.kernel)
 .kernel        0xc0001000      0x1fe loader.o
                0xc00010e6                isr20
                0xc0001118                isr25
                0xc00011b8                irq09
                0xc0001066                isr03
                0xc00010b4                isr15
                0xc0001095                isr10
                0xc0001172                irq02
                0xc00010d2                isr18
                0xc0001051                isr00
                0xc0001104                isr23
                0xc000106d                isr04
                0xc0001186                irq04
                0xc0001168                irq01
                0xc00010f0                isr21
                0xc00011ea                irq14
                0xc000119a                irq06
                0xc000108e                isr09
                0xc0001136                isr28
                0xc0001122                isr26
                0xc0001140                isr29
                0xc0001154                isr31
                0xc000109a                isr11
                0xc00010be                isr16
                0xc00010a4                isr13
                0xc000110e                isr24
                0xc000117c                irq03
                0xc0001000                start
                0xc00011cc                irq11
                0xc000115e                irq00
                0xc00011e0                irq13
                0xc000107b                isr06
                0xc0001089                isr08
                0xc00011ae                irq08
                0xc000112c                isr27
                0xc000105f                isr02
                0xc000114a                isr30
                0xc00010dc                isr19
                0xc00010ac                isr14
                0xc0001058                isr01
                0xc00010c8                isr17
                0xc00011c2                irq10
                0xc0001074                isr05
                0xc00011f4                irq15
                0xc000109f                isr12
                0xc0001190                irq05
                0xc00010fa                isr22
                0xc00011d6                irq12
                0xc00011a4                irq07
                0xc0001082                isr07
 *(.text)
 *fill*         0xc00011fe        0x2 00
 .text          0xc0001200       0x90 kernel.o
                0xc0001200                memset
                0xc0001229                outportb
                0xc000121e                inportb
                0xc0001242                main
 .text          0xc0001290      0x6a0 console.o
                0xc0001876                console_init
                0xc0001718                console_getAttrib
                0xc00017cb                console_setCursor
                0xc00016c3                console_putChar
                0xc00014b8                console_putuint
                0xc0001875                console_beep
                0xc0001431                console_puthex
                0xc0001580                console_putch
                0xc0001290                kprintf
                0xc000182f                console_cls
                0xc0001736                console_scrollup
                0xc000170e                console_setAttrib
                0xc00013e9                console_putint
                0xc00016f1                console_getChar
 .text          0xc0001930      0x130 gdt.o
                0xc0001930                gdt_setEntry
                0xc0001986                gdt_init
 .text          0xc0001a60       0xd0 idt.o
                0xc0001a9f                idt_init
                0xc0001a60                idt_setEntry
 .text          0xc0001b30       0xd0 irq.o
                0xc0001bbb                irq_init
                0xc0001b30                irq_remap
 .text          0xc0001c00      0x1e0 isr.o
                0xc0001dc9                isr_setHandler
                0xc0001d51                isr_dispatcher
 .text          0xc0001de0      0x480 debug.o
                0xc0001f77                debug_putch
                0xc0001eaf                debug_putuint
                0xc0001f9a                debug_kprintf
                0xc0001e28                debug_puthex
                0xc0001de0                debug_putint
 .text          0xc0002260       0x20 ./mm/mm.o
                0xc0002260                mm_init
 .text          0xc0002280      0x350 ./mm/paging.o
                0xc0002291                paging_clearDirectory
                0xc00024ff                paging_handler
                0xc0002280                paging_getPageDirectoryEntry
                0xc0002514                paging_init
                0xc00023cb                paging_setPageTableEntry
                0xc00022cf                paging_setPageDirectoryEntry
                0xc0002312                paging_getPageTableEntry
 .text          0xc00025d0      0x160 ./mm/physical.o
                0xc000267c                physical_pageAllocAddress
                0xc00026ca                physical_pageFree
                0xc00025d0                physical_init
                0xc000264d                physical_pageAlloc
                0xc0002701                physical_isPageFree
                0xc0003000                . = ALIGN (0x1000)
 *fill*         0xc0002730      0x8d0 00

.data           0xc0003000     0x1000 load address 0x00103000
                0xc0003000                data = .
 *(.data)
 .data          0xc0003000       0x80 idt.o
                0xc0003000                isr_stubs
 .data          0xc0003080       0x40 irq.o
                0xc0003080                irq_stubs
 .data          0xc00030c0       0x80 isr.o
                0xc00030c0                isr_messages
                0xc0004000                . = ALIGN (0x1000)
 *fill*         0xc0003140      0xec0 00

.bss            0xc0004000     0x2000 load address 0x00104000
                0xc0004000                bss = .
 *(.bss)
 .bss           0xc0004000     0x1000 loader.o
                0xc0005000                . = ALIGN (0x1000)
 *(COMMON)
 COMMON         0xc0005000       0x40 console.o
                0xc0005000                console_mem
                0xc0005010                console_x
                0xc0005020                console_attrib
                0xc0005030                console_y
 COMMON         0xc0005040       0x30 gdt.o
                0xc0005040                gdt_pointer
                0xc0005050                gdt_table
 COMMON         0xc0005070      0x810 idt.o
                0xc0005070                idt_table
                0xc0005870                idt_pointer
 COMMON         0xc0005880      0x450 isr.o
                0xc0005880                isr_handlers
                0xc0005c80                PACKED
 COMMON         0xc0005cd0       0x10 ./mm/paging.o
                0xc0005cd0                pagedirectory
 COMMON         0xc0005ce0       0x10 ./mm/physical.o
                0xc0005ce0                pm_bitmap
                0xc0006000                . = ALIGN (0x1000)
 *fill*         0xc0005cf0      0x310 00
                0xc0006000                _end = .
LOAD loader.o
LOAD kernel.o
LOAD console.o
LOAD gdt.o
LOAD idt.o
LOAD irq.o
LOAD isr.o
LOAD debug.o
LOAD ./mm/mm.o
LOAD ./mm/paging.o
LOAD ./mm/physical.o
OUTPUT(../../bin/kernel.bin coff-go32)

.comment        0xc0006000       0xc8
 .comment       0xc0006000       0x14 kernel.o
 .comment       0xc0006014       0x14 console.o
 .comment       0xc0006028       0x14 gdt.o
 .comment       0xc000603c       0x14 idt.o
 .comment       0xc0006050       0x14 irq.o
 .comment       0xc0006064       0x14 isr.o
 .comment       0xc0006078       0x14 debug.o
 .comment       0xc000608c       0x14 ./mm/mm.o
 .comment       0xc00060a0       0x14 ./mm/paging.o
 .comment       0xc00060b4       0x14 ./mm/physical.o
