
Allocating common symbols
Common symbol       size              file

console2            0x10              ./io/dev/console.o
isr_handlers        0x400             isr.o
keyboard_output     0x10              ./io/dev/keyboard.o
console1            0x10              ./io/dev/console.o
console3            0x10              ./io/dev/console.o
idt_table           0x800             idt.o
physical_bitmapSize
                    0x10              ./mm/physical.o
idt_pointer         0x10              idt.o
physical_bitmap     0x10              ./mm/physical.o
console4            0x10              ./io/dev/console.o
segmentation_gdtp   0x10              ./mm/segmentation.o
mount0              0x10              ./fs/fat.o
paging_kernelPageDir
                    0x10              ./mm/paging.o
mm_kernelHeap       0x10              ./mm/mm.o
segmentation_gdt    0x20              ./mm/segmentation.o
scheduler_queue     0x400             ./pm/scheduler.o

Memory Configuration

Name             Origin             Length             Attributes
*default*        0x00000000         0xffffffff

Linker script and memory map

                0x00100000                phys = 0x100000
                0xc0001000                virt = 0xc0001000

.setup          0x00100000     0x1000 load address 0x00100000
                0x00100000                setup = .
 *(.setup)
 .setup         0x00100000       0x70 loader.o
                0x00100000                setup
                0x00101000                . = ALIGN (0x1000)
 *fill*         0x00100070      0xf90 00

.kernel         0xc0001000     0x7000 load address 0x00101000
                0xc0001000                kernel = .
 *(.kernel)
 .kernel        0xc0001000      0x215 loader.o
                0xc00010fd                isr20
                0xc000112f                isr25
                0xc00011cf                irq09
                0xc0001074                isr03
                0xc00010cb                isr15
                0xc00010a3                isr10
                0xc0001189                irq02
                0xc00010e9                isr18
                0xc000105f                isr00
                0xc000111b                isr23
                0xc000107b                isr04
                0xc000119d                irq04
                0xc000117f                irq01
                0xc0001107                isr21
                0xc0001201                irq14
                0xc00011b1                irq06
                0xc000109c                isr09
                0xc000114d                isr28
                0xc0001139                isr26
                0xc0001157                isr29
                0xc000116b                isr31
                0xc00010ab                isr11
                0xc00010d5                isr16
                0xc00010bb                isr13
                0xc0001125                isr24
                0xc0001193                irq03
                0xc0001000                start
                0xc00011e3                irq11
                0xc0001175                irq00
                0xc00011f7                irq13
                0xc0001089                isr06
                0xc0001097                isr08
                0xc00011c5                irq08
                0xc0001143                isr27
                0xc000106d                isr02
                0xc0001161                isr30
                0xc00010f3                isr19
                0xc00010c3                isr14
                0xc0001066                isr01
                0xc00010df                isr17
                0xc00011d9                irq10
                0xc0001082                isr05
                0xc000120b                irq15
                0xc00010b3                isr12
                0xc00011a7                irq05
                0xc0001111                isr22
                0xc00011ed                irq12
                0xc00011bb                irq07
                0xc0001090                isr07
 *(.text)
 *fill*         0xc0001215        0xb 00
 .text          0xc0001220      0x4c0 kernel.o
                0xc00014fb                kernel_main
                0xc00012e3                kernel_init
                0xc0001377                printdir
                0xc0001345                kernel_panic
                0xc0001275                task1
                0xc00012c0                kernel_lock
                0xc00012b6                outportb
                0xc0001231                kernel_shell
                0xc00012cd                kernel_unlock
                0xc00012ab                inportb
                0xc0001290                task2
 .text          0xc00016e0       0xc0 idt.o
                0xc000171f                idt_init
                0xc00016e0                idt_setEntry
 .text          0xc00017a0       0xd0 irq.o
                0xc000182b                irq_init
                0xc00017a0                irq_remap
 .text          0xc0001870      0x1f0 isr.o
                0xc0001a50                isr_setHandler
                0xc00019c1                isr_dispatcher
 .text          0xc0001a60       0x20 kprintf.o
                0xc0001a60                kprintf
 .text          0xc0001a80      0x170 ./mm/dma.o
                0xc0001bba                dma_write
                0xc0001b91                dma_read
                0xc0001a80                dma_transfer
 .text          0xc0001bf0      0x290 ./mm/mm.o
                0xc0001c97                mm_free
                0xc0001bf0                mm_init
                0xc0001d24                mm_malloc
                0xc0001c28                mm_morecore
 .text          0xc0001e80      0x550 ./mm/paging.o
                0xc0001e9b                paging_clearDirectory
                0xc0001e8c                paging_getPageDirectoryEntry
                0xc0002159                paging_destroyDirectory
                0xc0002117                paging_createDirectory
                0xc0002307                paging_init
                0xc0001e84                paging_setCurrentPageDir
                0xc0001fd7                paging_setPageTableEntry
                0xc0001ed5                paging_setPageDirectoryEntry
                0xc000220d                paging_mapKernel
                0xc0001f28                paging_getPageTableEntry
                0xc0001e80                paging_getCurrentPageDir
                0xc00020f7                paging_pageFaultHandler
 .text          0xc00023d0      0x240 ./mm/physical.o
                0xc00023f2                physical_pageAllocAddress
                0xc00024d4                physical_pageFree
                0xc000251c                physical_init
                0xc0002446                physical_pageAlloc
                0xc00023d0                physical_isPageFree
                0xc0002440                physical_getBitmapSize
 .text          0xc0002610      0x160 ./mm/segmentation.o
                0xc0002673                segmentation_init
                0xc0002610                segmentation_setEntry
 .text          0xc0002770      0x170 ./pm/process.o
                0xc0002770                process_spawn
                0xc00027a1                process_destroy
                0xc00027da                process_create
 .text          0xc00028e0      0x130 ./pm/scheduler.o
                0xc00029ec                scheduler_init
                0xc00028ee                scheduler_removeProcesss
                0xc000299c                scheduler_ltr
                0xc0002900                scheduler_switch
                0xc00029a2                getESP
                0xc00029a5                scheduler_enable
                0xc00029dc                scheduler_disable
                0xc00028e0                scheduler_addProcess
 .text          0xc0002a10      0x1b0 ./io/io.o
                0xc0002a3d                io_open
                0xc0002a10                io_add
                0xc0002b61                io_control
                0xc0002a2d                io_remove
                0xc0002b8e                io_init
                0xc0002ad0                io_read
                0xc0002b2a                io_seek
                0xc0002a9b                io_close
                0xc0002afd                io_write
 .text          0xc0002bc0       0x70 ./io/dev/bitbucket.o
                0xc0002bcb                bitbucket_write
                0xc0002bc5                bitbucket_close
                0xc0002bda                bitbucket_init
                0xc0002bc0                bitbucket_open
 .text          0xc0002c30      0xcd0 ./io/dev/console.o
                0xc0003407                console_create
                0xc0003745                console_init
                0xc0003458                console_open
                0xc00035c0                console_write
                0xc0002c30                console_setCursor
                0xc0003529                console_read
                0xc0002c9f                console_putChar
                0xc0003624                console_control
                0xc0003523                console_close
                0xc0002cdc                console_beep
                0xc0002d9e                console_putch
                0xc0003354                console_activate
                0xc0003176                console_cls
                0xc0002cfb                console_scrollup
                0xc0002cdd                console_getChar
 .text          0xc0003900     0x12f0 ./io/dev/floppy.o
                0xc0004a0d                floppy_read
                0xc0003a53                floppy_handler
                0xc0004a88                floppy_write
                0xc0004885                floppy_open
                0xc0003a1f                floppy_off
                0xc0003bac                floppy_recalibrate
                0xc0003969                floppy_getbyte
                0xc0003ed8                floppy_blockGeometry
                0xc00049c9                floppy_close
                0xc0003d01                floppy_seekcylinder
                0xc0004a8e                floppy_seek
                0xc0003e71                floppy_reset
                0xc0003900                floppy_sendbyte
                0xc00039d6                floppy_on
                0xc0003fb3                floppy_readBlock
                0xc0003a60                floppy_wait
                0xc0004ac4                floppy_init
 .text          0xc0004bf0      0x1b0 ./io/dev/keyboard.o
                0xc0004bf0                keyboard_open
                0xc0004c45                keyboard_handler
                0xc0004d0f                keyboard_init
                0xc0004bf5                keyboard_close
                0xc0004bfb                keyboard_read
 .text          0xc0004da0      0x4e0 ./fs/dfs.o
                0xc0004da0                dfs_add
                0xc0004e95                dfs_unmount
                0xc0004f78                dfs_delete
                0xc0004e9b                dfs_open
                0xc0004f36                dfs_seek
                0xc0005177                dfs_list
                0xc0004f57                dfs_control
                0xc0004f72                dfs_create
                0xc0004e21                dfs_remove
                0xc0004f1b                dfs_write
                0xc0004ded                dfs_find
                0xc0004fdd                dfs_copy
                0xc0005208                dfs_init
                0xc0004eed                dfs_close
                0xc0004f00                dfs_read
                0xc0005083                dfs_rename
                0xc0004e86                dfs_mount
 .text          0xc0005280     0x10f0 ./fs/fat.o
                0xc00060da                fat_rename
                0xc0005418                fat_loadCluster
                0xc000589b                fat_mount
                0xc0005af6                fat_unmount
                0xc00060e0                fat_copy
                0xc00060d4                fat_delete
                0xc00055ee                fat_file2entry
                0xc00053c0                fat_cluster2block
                0xc000607b                fat_seek
                0xc0005555                fat_getIndex
                0xc0005cd8                fat_read
                0xc00060ce                fat_create
                0xc0005b2f                fat_open
                0xc0005280                fat_nextCluster
                0xc00060e6                fat_list
                0xc00060c8                fat_control
                0xc00054d6                fat_compareName
                0xc00062f9                fat_init
                0xc0006075                fat_write
                0xc0005305                fat_determineType
                0xc0005b8a                fat_close
 .text          0xc0006370      0x6e0 ./fs/vfs.o
                0xc0006370                vfs_register
                0xc0006897                vfs_rename
                0xc000639f                vfs_find
                0xc0006828                vfs_delete
                0xc00064a6                vfs_unmount
                0xc00067b5                vfs_create
                0xc0006997                vfs_list
                0xc0006598                vfs_open
                0xc00066c3                vfs_read
                0xc0006789                vfs_control
                0xc0006a1f                vfs_init
                0xc0006557                vfs_file2mountpoint
                0xc00066f7                vfs_write
                0xc0006753                vfs_seek
                0xc000668f                vfs_close
                0xc00063be                vfs_mount
                0xc0006917                vfs_copy
                0xc0006399                vfs_unregister
 .text          0xc0006a50      0x420 ./lib/printf.o
                0xc0006e1b                get
                0xc0006a50                printf_putuint
                0xc0006b6e                printf_puthex
                0xc0006b13                printf_putint
                0xc0006e02                print
                0xc0006c11                printf
 .text          0xc0006e70      0x1e0 ./lib/string.o
                0xc0006e86                strcmp
                0xc0006f0c                strncpy
                0xc0006fda                memcpy
                0xc0006fb4                memset
                0xc0006ef5                strcpy
                0xc0006fff                memcmp
                0xc0006ea4                strncmp
                0xc0006e70                strlen
                0xc0006f4c                strstr
                0xc0008000                . = ALIGN (0x1000)
 *fill*         0xc0007050      0xfb0 00

.data           0xc0008000     0x1000 load address 0x00108000
                0xc0008000                data = .
 *(.data)
 .data          0xc0008000       0x80 idt.o
                0xc0008000                isr_stubs
 .data          0xc0008080       0x40 irq.o
                0xc0008080                irq_stubs
 .data          0xc00080c0       0x80 isr.o
                0xc00080c0                isr_messages
 .data          0xc0008140       0x30 ./mm/dma.o
                0xc0008168                dma_countport
                0xc0008140                dma_maskreg
                0xc0008158                dma_pageport
                0xc0008148                dma_modereg
                0xc0008160                dma_addressport
                0xc0008150                dma_clearreg
 .data          0xc0008170       0x60 ./io/dev/floppy.o
                0xc0008170                floppy_geometrys
 .data          0xc00081d0       0x80 ./io/dev/keyboard.o
                0xc00081d0                keymap
                0xc0009000                . = ALIGN (0x1000)
 *fill*         0xc0008250      0xdb0 00

.bss            0xc0009000     0x4000 load address 0x00109000
                0xc0009000                bss = .
 *(.bss)
 .bss           0xc0009000     0x1000 loader.o
 .bss           0xc000a000        0x8 kernel.o
                0xc000a004                kernel_lockCount
                0xc000a000                kernel_console
 .bss           0xc000a008        0x4 ./pm/process.o
                0xc000a008                process_total
 .bss           0xc000a00c       0x14 ./pm/scheduler.o
                0xc000a01c                scheduler_tss
                0xc000a014                scheduler_ticks
                0xc000a018                scheduler_currentProcess
                0xc000a010                current_cr3
                0xc000a00c                current_esp
 .bss           0xc000a020        0x4 ./io/dev/console.o
                0xc000a020                console0
 .bss           0xc000a024       0x18 ./io/dev/floppy.o
                0xc000a024                floppy1
                0xc000a028                floppy2
 .bss           0xc000a03c        0x8 ./fs/dfs.o
                0xc000a040                dfs_deviceBottom
                0xc000a03c                dfs_deviceTop
 .bss           0xc000a044       0x10 ./fs/vfs.o
                0xc000a044                vfs_fsTop
                0xc000a050                vfs_mpBottom
                0xc000a04c                vfs_mpTop
                0xc000a048                vfs_fsBottom
                0xc000b000                . = ALIGN (0x1000)
 *fill*         0xc000a054      0xfac 00
 *(COMMON)
 COMMON         0xc000b000      0x810 idt.o
                0xc000b000                idt_table
                0xc000b800                idt_pointer
 COMMON         0xc000b810      0x400 isr.o
                0xc000b810                isr_handlers
 COMMON         0xc000bc10       0x10 ./mm/mm.o
                0xc000bc10                mm_kernelHeap
 COMMON         0xc000bc20       0x10 ./mm/paging.o
                0xc000bc20                paging_kernelPageDir
 COMMON         0xc000bc30       0x20 ./mm/physical.o
                0xc000bc30                physical_bitmapSize
                0xc000bc40                physical_bitmap
 COMMON         0xc000bc50       0x30 ./mm/segmentation.o
                0xc000bc50                segmentation_gdtp
                0xc000bc60                segmentation_gdt
 COMMON         0xc000bc80      0x400 ./pm/scheduler.o
                0xc000bc80                scheduler_queue
 COMMON         0xc000c080       0x40 ./io/dev/console.o
                0xc000c080                console2
                0xc000c090                console1
                0xc000c0a0                console3
                0xc000c0b0                console4
 COMMON         0xc000c0c0       0x10 ./io/dev/keyboard.o
                0xc000c0c0                keyboard_output
 COMMON         0xc000c0d0       0x10 ./fs/fat.o
                0xc000c0d0                mount0
                0xc000d000                . = ALIGN (0x1000)
 *fill*         0xc000c0e0      0xf20 00
                0xc000d000                _end = .
LOAD loader.o
LOAD kernel.o
LOAD idt.o
LOAD irq.o
LOAD isr.o
LOAD kprintf.o
LOAD ./mm/dma.o
LOAD ./mm/mm.o
LOAD ./mm/paging.o
LOAD ./mm/physical.o
LOAD ./mm/segmentation.o
LOAD ./pm/process.o
LOAD ./pm/scheduler.o
LOAD ./io/io.o
LOAD ./io/dev/bitbucket.o
LOAD ./io/dev/console.o
LOAD ./io/dev/floppy.o
LOAD ./io/dev/keyboard.o
LOAD ./fs/dfs.o
LOAD ./fs/fat.o
LOAD ./fs/vfs.o
LOAD ./lib/printf.o
LOAD ./lib/string.o
OUTPUT(../../bin/kernel.coff coff-go32)

.comment        0xc000d000      0x1b8
 .comment       0xc000d000       0x14 kernel.o
 .comment       0xc000d014       0x14 idt.o
 .comment       0xc000d028       0x14 irq.o
 .comment       0xc000d03c       0x14 isr.o
 .comment       0xc000d050       0x14 kprintf.o
 .comment       0xc000d064       0x14 ./mm/dma.o
 .comment       0xc000d078       0x14 ./mm/mm.o
 .comment       0xc000d08c       0x14 ./mm/paging.o
 .comment       0xc000d0a0       0x14 ./mm/physical.o
 .comment       0xc000d0b4       0x14 ./mm/segmentation.o
 .comment       0xc000d0c8       0x14 ./pm/process.o
 .comment       0xc000d0dc       0x14 ./pm/scheduler.o
 .comment       0xc000d0f0       0x14 ./io/io.o
 .comment       0xc000d104       0x14 ./io/dev/bitbucket.o
 .comment       0xc000d118       0x14 ./io/dev/console.o
 .comment       0xc000d12c       0x14 ./io/dev/floppy.o
 .comment       0xc000d140       0x14 ./io/dev/keyboard.o
 .comment       0xc000d154       0x14 ./fs/dfs.o
 .comment       0xc000d168       0x14 ./fs/fat.o
 .comment       0xc000d17c       0x14 ./fs/vfs.o
 .comment       0xc000d190       0x14 ./lib/printf.o
 .comment       0xc000d1a4       0x14 ./lib/string.o
