
Allocating common symbols
Common symbol       size              file

isr_handlers        0x400             isr.o
console_mem         0x10              console.o
gdt_pointer         0x10              gdt.o
idt_table           0x800             idt.o
physical_bitmapSize
                    0x10              ./mm/physical.o
gdt_table           0x20              gdt.o
idt_pointer         0x10              idt.o
physical_bitmap     0x10              ./mm/physical.o
console_x           0x10              console.o
paging_kernelPageDir
                    0x10              ./mm/paging.o
console_attrib      0x10              console.o
scheduler_queue     0x400             ./tasking/scheduler.o
console_y           0x10              console.o

Memory Configuration

Name             Origin             Length             Attributes
*default*        0x00000000         0xffffffff

Linker script and memory map

                0x00100000                phys = 0x100000
                0xc0001000                virt = 0xc0001000

.setup          0x00100000     0x1000 load address 0x00100000
                0x00100000                setup = .
 *(.setup)
 .setup         0x00100000       0x70 loader.o
                0x00100000                setup
                0x00101000                . = ALIGN (0x1000)
 *fill*         0x00100070      0xf90 00

.kernel         0xc0001000     0x2000 load address 0x00101000
                0xc0001000                kernel = .
 *(.kernel)
 .kernel        0xc0001000      0x215 loader.o
                0xc00010fd                isr20
                0xc000112f                isr25
                0xc00011cf                irq09
                0xc0001074                isr03
                0xc00010cb                isr15
                0xc00010a3                isr10
                0xc0001189                irq02
                0xc00010e9                isr18
                0xc000105f                isr00
                0xc000111b                isr23
                0xc000107b                isr04
                0xc000119d                irq04
                0xc000117f                irq01
                0xc0001107                isr21
                0xc0001201                irq14
                0xc00011b1                irq06
                0xc000109c                isr09
                0xc000114d                isr28
                0xc0001139                isr26
                0xc0001157                isr29
                0xc000116b                isr31
                0xc00010ab                isr11
                0xc00010d5                isr16
                0xc00010bb                isr13
                0xc0001125                isr24
                0xc0001193                irq03
                0xc0001000                start
                0xc00011e3                irq11
                0xc0001175                irq00
                0xc00011f7                irq13
                0xc0001089                isr06
                0xc0001097                isr08
                0xc00011c5                irq08
                0xc0001143                isr27
                0xc000106d                isr02
                0xc0001161                isr30
                0xc00010f3                isr19
                0xc00010c3                isr14
                0xc0001066                isr01
                0xc00010df                isr17
                0xc00011d9                irq10
                0xc0001082                isr05
                0xc000120b                irq15
                0xc00010b3                isr12
                0xc00011a7                irq05
                0xc0001111                isr22
                0xc00011ed                irq12
                0xc00011bb                irq07
                0xc0001090                isr07
 *(.text)
 *fill*         0xc0001215        0xb 00
 .text          0xc0001220       0x80 kernel.o
                0xc000124e                kernel_init
                0xc0001235                kernel_lock
                0xc000122b                outportb
                0xc000123d                kernel_unlock
                0xc0001220                inportb
 .text          0xc00012a0      0x7b0 console.o
                0xc00018f2                console_init
                0xc0001728                console_getAttrib
                0xc00017db                console_setCursor
                0xc00016d3                console_putChar
                0xc00014c8                console_putuint
                0xc00018de                console_beep
                0xc0001441                console_puthex
                0xc0001590                console_putch
                0xc00012a0                kprintf
                0xc000183f                console_cls
                0xc0001746                console_scrollup
                0xc000171e                console_setAttrib
                0xc00013f9                console_putint
                0xc0001701                console_getChar
 .text          0xc0001a50      0x160 gdt.o
                0xc0001a50                gdt_setEntry
                0xc0001ab3                gdt_init
 .text          0xc0001bb0       0xd0 idt.o
                0xc0001bef                idt_init
                0xc0001bb0                idt_setEntry
 .text          0xc0001c80       0xd0 irq.o
                0xc0001d0b                irq_init
                0xc0001c80                irq_remap
 .text          0xc0001d50      0x1f0 isr.o
                0xc0001f30                isr_setHandler
                0xc0001ea1                isr_dispatcher
 .text          0xc0001f40      0x480 debug.o
                0xc00020d7                debug_putch
                0xc000200f                debug_putuint
                0xc00020fa                debug_kprintf
                0xc0001f88                debug_puthex
                0xc0001f40                debug_putint
 .text          0xc00023c0      0x2a0 ./mm/mm.o
                0xc000247c                mm_free
                0xc00023c0                mm_init
                0xc0002509                mm_malloc
                0xc00023f3                mm_morecore
                0xc00023d5                mm_memset
 .text          0xc0002660      0x490 ./mm/paging.o
                0xc000267b                paging_clearDirectory
                0xc000266c                paging_getPageDirectoryEntry
                0xc0002939                paging_destroyDirectory
                0xc00028f7                paging_createDirectory
                0xc0002a38                paging_init
                0xc0002664                paging_setCurrentPageDir
                0xc00027b7                paging_setPageTableEntry
                0xc00026b5                paging_setPageDirectoryEntry
                0xc000299a                paging_mapKernel
                0xc00029d8                paging_mapKernelHeap
                0xc0002708                paging_getPageTableEntry
                0xc0002660                paging_getCurrentPageDir
                0xc00028d7                paging_pageFaultHandler
 .text          0xc0002af0      0x240 ./mm/physical.o
                0xc0002b12                physical_pageAllocAddress
                0xc0002bf4                physical_pageFree
                0xc0002c3c                physical_init
                0xc0002b66                physical_pageAlloc
                0xc0002af0                physical_isPageFree
                0xc0002b60                physical_getBitmapSize
 .text          0xc0002d30      0x160 ./tasking/scheduler.o
                0xc0002e1e                scheduler_init
                0xc0002d4b                Thread2
                0xc0002d30                Thread1
                0xc0002e18                scheduler_ltr
                0xc0002d66                scheduler_addTask
                0xc0002d86                scheduler_switch
                0xc0002d74                scheduler_removeTask
 .text          0xc0002e90      0x160 ./tasking/task.o
                0xc0002e90                task_destroy
                0xc0002ec7                task_create
                0xc0003000                . = ALIGN (0x1000)
 *fill*         0xc0002ff0       0x10 00

.data           0xc0003000     0x1000 load address 0x00103000
                0xc0003000                data = .
 *(.data)
 .data          0xc0003000       0x80 idt.o
                0xc0003000                isr_stubs
 .data          0xc0003080       0x40 irq.o
                0xc0003080                irq_stubs
 .data          0xc00030c0       0x80 isr.o
                0xc00030c0                isr_messages
                0xc0004000                . = ALIGN (0x1000)
 *fill*         0xc0003140      0xec0 00

.bss            0xc0004000     0x4000 load address 0x00104000
                0xc0004000                bss = .
 *(.bss)
 .bss           0xc0004000     0x1000 loader.o
 .bss           0xc0005000        0x4 kernel.o
                0xc0005000                kernel_lockCount
 .bss           0xc0005004        0x8 ./mm/mm.o
                0xc0005004                mm_heapTop
                0xc0005008                mm_heapBottom
 .bss           0xc000500c       0x10 ./tasking/scheduler.o
                0xc0005014                scheduler_ticks
                0xc0005010                current_cr3
                0xc0005018                scheduler_currentTask
                0xc000500c                current_esp
 .bss           0xc000501c        0x4 ./tasking/task.o
                0xc000501c                task_total
                0xc0006000                . = ALIGN (0x1000)
 *fill*         0xc0005020      0xfe0 00
 *(COMMON)
 COMMON         0xc0006000       0x40 console.o
                0xc0006000                console_mem
                0xc0006010                console_x
                0xc0006020                console_attrib
                0xc0006030                console_y
 COMMON         0xc0006040       0x30 gdt.o
                0xc0006040                gdt_pointer
                0xc0006050                gdt_table
 COMMON         0xc0006070      0x810 idt.o
                0xc0006070                idt_table
                0xc0006870                idt_pointer
 COMMON         0xc0006880      0x400 isr.o
                0xc0006880                isr_handlers
 COMMON         0xc0006c80       0x10 ./mm/paging.o
                0xc0006c80                paging_kernelPageDir
 COMMON         0xc0006c90       0x20 ./mm/physical.o
                0xc0006c90                physical_bitmapSize
                0xc0006ca0                physical_bitmap
 COMMON         0xc0006cb0      0x400 ./tasking/scheduler.o
                0xc0006cb0                scheduler_queue
                0xc0008000                . = ALIGN (0x1000)
 *fill*         0xc00070b0      0xf50 00
                0xc0008000                _end = .
LOAD loader.o
LOAD kernel.o
LOAD console.o
LOAD gdt.o
LOAD idt.o
LOAD irq.o
LOAD isr.o
LOAD debug.o
LOAD ./mm/mm.o
LOAD ./mm/paging.o
LOAD ./mm/physical.o
LOAD ./tasking/scheduler.o
LOAD ./tasking/task.o
OUTPUT(../../bin/kernel.coff coff-go32)

.comment        0xc0008000       0xf0
 .comment       0xc0008000       0x14 kernel.o
 .comment       0xc0008014       0x14 console.o
 .comment       0xc0008028       0x14 gdt.o
 .comment       0xc000803c       0x14 idt.o
 .comment       0xc0008050       0x14 irq.o
 .comment       0xc0008064       0x14 isr.o
 .comment       0xc0008078       0x14 debug.o
 .comment       0xc000808c       0x14 ./mm/mm.o
 .comment       0xc00080a0       0x14 ./mm/paging.o
 .comment       0xc00080b4       0x14 ./mm/physical.o
 .comment       0xc00080c8       0x14 ./tasking/scheduler.o
 .comment       0xc00080dc       0x14 ./tasking/task.o
